{'component': 'mongoIbBrokerClientIdData'} Locked IB client ID 100
Using proactor: IocpProactor
Connecting to 127.0.0.1:4002 with clientId 100...
Connected
<<< 178,20260912 00:35:50 China Standard Time
>>> 71,2,100,
Logged on to server version 178
<<< 15,1,DUT077119
<<< 9,1,1
API connection ready
>>> 61,1
>>> 6,2,1,DUT077119
>>> 76,1,1,DUT077119,,0
<<< 4,2,-1,2104,Market data farm connection is OK:hfarm,
Warning 2104, reqId -1: Market data farm connection is OK:hfarm
<<< 4,2,-1,2104,Market data farm connection is OK:usfuture,
Warning 2104, reqId -1: Market data farm connection is OK:usfuture
<<< 4,2,-1,2104,Market data farm connection is OK:cashfarm,
Warning 2104, reqId -1: Market data farm connection is OK:cashfarm
<<< 4,2,-1,2104,Market data farm connection is OK:usfarm,
Warning 2104, reqId -1: Market data farm connection is OK:usfarm
<<< 4,2,-1,2106,HMDS data farm connection is OK:apachmds,
Warning 2106, reqId -1: HMDS data farm connection is OK:apachmds
<<< 4,2,-1,2106,HMDS data farm connection is OK:cashhmds,
Warning 2106, reqId -1: HMDS data farm connection is OK:cashhmds
<<< 4,2,-1,2106,HMDS data farm connection is OK:ushmds,
Warning 2106, reqId -1: HMDS data farm connection is OK:ushmds
<<< 4,2,-1,2158,Sec-def data farm connection is OK:secdefhk,
Warning 2158, reqId -1: Sec-def data farm connection is OK:secdefhk
<<< 61,3,DUT077119,265598,AAPL,STK,,0.0,,,NASDAQ,USD,AAPL,NMS,1,328.95
position: Position(account='DUT077119', contract=Stock(conId=265598, symbol='AAPL', exchange='NASDAQ', currency='USD', localSymbol='AAPL', tradingClass='NMS'), position=1.0, avgCost=328.95)
<<< 61,3,DUT077119,320227571,QQQ,STK,,0.0,,,NASDAQ,USD,QQQ,NMS,100,711.850003
position: Position(account='DUT077119', contract=Stock(conId=320227571, symbol='QQQ', exchange='NASDAQ', currency='USD', localSymbol='QQQ', tradingClass='NMS'), position=100.0, avgCost=711.850003)
<<< 62,1
<<< 6,2,$LEDGER-AccountOrGroup,DUT077119,BASE,DUT077119
<<< 6,2,$LEDGER-AccountOrGroup,DUT077119,USD,DUT077119
<<< 6,2,$LEDGER-AccruedCash,651.43,BASE,DUT077119
<<< 6,2,$LEDGER-AccruedCash,651.43,USD,DUT077119
<<< 6,2,$LEDGER-CashBalance,928486.05,BASE,DUT077119
<<< 6,2,$LEDGER-CashBalance,928486.05,USD,DUT077119
<<< 6,2,$LEDGER-CorporateBondValue,0.00,BASE,DUT077119
<<< 6,2,$LEDGER-CorporateBondValue,0.00,USD,DUT077119
<<< 6,2,$LEDGER-Cryptocurrency,0.00,BASE,DUT077119
<<< 6,2,$LEDGER-Cryptocurrency,0.00,USD,DUT077119
<<< 6,2,$LEDGER-Currency,BASE,BASE,DUT077119
<<< 6,2,$LEDGER-Currency,USD,USD,DUT077119
<<< 6,2,$LEDGER-ExchangeRate,1.00,BASE,DUT077119
<<< 6,2,$LEDGER-ExchangeRate,1.00,USD,DUT077119
<<< 6,2,$LEDGER-FundValue,0.00,BASE,DUT077119
<<< 6,2,$LEDGER-FundValue,0.00,USD,DUT077119
<<< 6,2,$LEDGER-FutureOptionValue,0.00,BASE,DUT077119
<<< 6,2,$LEDGER-FutureOptionValue,0.00,USD,DUT077119
<<< 6,2,$LEDGER-FuturesPNL,0.00,BASE,DUT077119
<<< 6,2,$LEDGER-FuturesPNL,0.00,USD,DUT077119
<<< 6,2,$LEDGER-FxCashBalance,0.00,BASE,DUT077119
<<< 6,2,$LEDGER-FxCashBalance,0.00,USD,DUT077119
<<< 6,2,$LEDGER-IssuerOptionValue,0.00,BASE,DUT077119
<<< 6,2,$LEDGER-IssuerOptionValue,0.00,USD,DUT077119
<<< 6,2,$LEDGER-MoneyMarketFundValue,0.00,BASE,DUT077119
<<< 6,2,$LEDGER-MoneyMarketFundValue,0.00,USD,DUT077119
<<< 6,2,$LEDGER-MutualFundValue,0.00,BASE,DUT077119
<<< 6,2,$LEDGER-MutualFundValue,0.00,USD,DUT077119
<<< 6,2,$LEDGER-NetDividend,0.00,BASE,DUT077119
<<< 6,2,$LEDGER-NetDividend,0.00,USD,DUT077119
<<< 6,2,$LEDGER-NetLiquidationByCurrency,1001090.8402,BASE,DUT077119
<<< 6,2,$LEDGER-NetLiquidationByCurrency,1001090.8402,USD,DUT077119
<<< 6,2,$LEDGER-OptionMarketValue,0.00,BASE,DUT077119
<<< 6,2,$LEDGER-OptionMarketValue,0.00,USD,DUT077119
<<< 6,2,$LEDGER-RealCurrency,BASE,BASE,DUT077119
<<< 6,2,$LEDGER-RealCurrency,USD,USD,DUT077119
<<< 6,2,$LEDGER-RealizedPnL,0.00,BASE,DUT077119
<<< 6,2,$LEDGER-RealizedPnL,0.00,USD,DUT077119
<<< 6,2,$LEDGER-StockMarketValue,71953.36,BASE,DUT077119
<<< 6,2,$LEDGER-StockMarketValue,71953.36,USD,DUT077119
<<< 6,2,$LEDGER-TBillValue,0.00,BASE,DUT077119
<<< 6,2,$LEDGER-TBillValue,0.00,USD,DUT077119
<<< 6,2,$LEDGER-TBondValue,0.00,BASE,DUT077119
<<< 6,2,$LEDGER-TBondValue,0.00,USD,DUT077119
<<< 6,2,$LEDGER-TotalCashBalance,928486.05,BASE,DUT077119
<<< 6,2,$LEDGER-TotalCashBalance,928486.05,USD,DUT077119
<<< 6,2,$LEDGER-UnrealizedPnL,439.41,BASE,DUT077119
<<< 6,2,$LEDGER-UnrealizedPnL,439.41,USD,DUT077119
<<< 6,2,$LEDGER-WarrantValue,0.00,BASE,DUT077119
<<< 6,2,$LEDGER-WarrantValue,0.00,USD,DUT077119
<<< 6,2,AccountCode,DUT077119,,DUT077119
<<< 6,2,AccountReady,true,,DUT077119
<<< 6,2,AccountType,INDIVIDUAL,,DUT077119
<<< 6,2,AccruedCash,651.43,USD,DUT077119
<<< 6,2,AccruedCash-C,0.00,USD,DUT077119
<<< 6,2,AccruedCash-P,0.00,USD,DUT077119
<<< 6,2,AccruedCash-S,651.43,USD,DUT077119
<<< 6,2,AccruedDividend,0.00,USD,DUT077119
<<< 6,2,AccruedDividend-C,0.00,USD,DUT077119
<<< 6,2,AccruedDividend-P,0.00,USD,DUT077119
<<< 6,2,AccruedDividend-S,0.00,USD,DUT077119
<<< 6,2,AvailableFunds,982451.07,USD,DUT077119
<<< 6,2,AvailableFunds-C,0.00,USD,DUT077119
<<< 6,2,AvailableFunds-P,0.00,USD,DUT077119
<<< 6,2,AvailableFunds-S,982451.07,USD,DUT077119
<<< 6,2,Billable,0.00,USD,DUT077119
<<< 6,2,Billable-C,0.00,USD,DUT077119
<<< 6,2,Billable-P,0.00,USD,DUT077119
<<< 6,2,Billable-S,0.00,USD,DUT077119
<<< 6,2,BuyingPower,3929804.28,USD,DUT077119
<<< 6,2,ColumnPrio-C,2,,DUT077119
<<< 6,2,ColumnPrio-P,5,,DUT077119
<<< 6,2,ColumnPrio-S,1,,DUT077119
<<< 6,2,Cushion,1,,DUT077119
<<< 6,2,EquityWithLoanValue,1000439.41,USD,DUT077119
<<< 6,2,EquityWithLoanValue-C,0.00,USD,DUT077119
<<< 6,2,EquityWithLoanValue-P,0.00,USD,DUT077119
<<< 6,2,EquityWithLoanValue-S,1000439.41,USD,DUT077119
<<< 6,2,ExcessLiquidity,982451.07,USD,DUT077119
<<< 6,2,ExcessLiquidity-C,0.00,USD,DUT077119
<<< 6,2,ExcessLiquidity-P,0.00,USD,DUT077119
<<< 6,2,ExcessLiquidity-S,982451.07,USD,DUT077119
<<< 6,2,FullAvailableFunds,982451.07,USD,DUT077119
<<< 6,2,FullAvailableFunds-C,0.00,USD,DUT077119
<<< 6,2,FullAvailableFunds-P,0.00,USD,DUT077119
<<< 6,2,FullAvailableFunds-S,982451.07,USD,DUT077119
<<< 6,2,FullExcessLiquidity,982451.07,USD,DUT077119
<<< 6,2,FullExcessLiquidity-C,0.00,USD,DUT077119
<<< 6,2,FullExcessLiquidity-P,0.00,USD,DUT077119
<<< 6,2,FullExcessLiquidity-S,982451.07,USD,DUT077119
<<< 6,2,FullInitMarginReq,17988.34,USD,DUT077119
<<< 6,2,FullInitMarginReq-C,0.00,USD,DUT077119
<<< 6,2,FullInitMarginReq-P,0.00,USD,DUT077119
<<< 6,2,FullInitMarginReq-S,17988.34,USD,DUT077119
<<< 6,2,FullMaintMarginReq,17988.34,USD,DUT077119
<<< 6,2,FullMaintMarginReq-C,0.00,USD,DUT077119
<<< 6,2,FullMaintMarginReq-P,0.00,USD,DUT077119
<<< 6,2,FullMaintMarginReq-S,17988.34,USD,DUT077119
<<< 6,2,GrossPositionValue,71953.36,USD,DUT077119
<<< 6,2,GrossPositionValue-C,0.00,USD,DUT077119
<<< 6,2,GrossPositionValue-S,71953.36,USD,DUT077119
<<< 6,2,Guarantee,0.00,USD,DUT077119
<<< 6,2,Guarantee-C,0.00,USD,DUT077119
<<< 6,2,Guarantee-P,0.00,USD,DUT077119
<<< 6,2,Guarantee-S,0.00,USD,DUT077119
<<< 6,2,IncentiveCoupons,0.00,USD,DUT077119
<<< 6,2,IncentiveCoupons-C,0.00,USD,DUT077119
<<< 6,2,IncentiveCoupons-P,0.00,USD,DUT077119
<<< 6,2,IncentiveCoupons-S,0.00,USD,DUT077119
<<< 6,2,IndianStockHaircut,0.00,USD,DUT077119
<<< 6,2,IndianStockHaircut-C,0.00,USD,DUT077119
<<< 6,2,IndianStockHaircut-P,0.00,USD,DUT077119
<<< 6,2,IndianStockHaircut-S,0.00,USD,DUT077119
<<< 6,2,InitMarginReq,17988.34,USD,DUT077119
<<< 6,2,InitMarginReq-C,0.00,USD,DUT077119
<<< 6,2,InitMarginReq-P,0.00,USD,DUT077119
<<< 6,2,InitMarginReq-S,17988.34,USD,DUT077119
<<< 6,2,Leverage-C,0.00,,DUT077119
<<< 6,2,Leverage-S,0.07,,DUT077119
<<< 6,2,LookAheadAvailableFunds,982451.07,USD,DUT077119
<<< 6,2,LookAheadAvailableFunds-C,0.00,USD,DUT077119
<<< 6,2,LookAheadAvailableFunds-P,0.00,USD,DUT077119
<<< 6,2,LookAheadAvailableFunds-S,982451.07,USD,DUT077119
<<< 6,2,LookAheadExcessLiquidity,982451.07,USD,DUT077119
<<< 6,2,LookAheadExcessLiquidity-C,0.00,USD,DUT077119
<<< 6,2,LookAheadExcessLiquidity-P,0.00,USD,DUT077119
<<< 6,2,LookAheadExcessLiquidity-S,982451.07,USD,DUT077119
<<< 6,2,LookAheadInitMarginReq,17988.34,USD,DUT077119
<<< 6,2,LookAheadInitMarginReq-C,0.00,USD,DUT077119
<<< 6,2,LookAheadInitMarginReq-P,0.00,USD,DUT077119
<<< 6,2,LookAheadInitMarginReq-S,17988.34,USD,DUT077119
<<< 6,2,LookAheadMaintMarginReq,17988.34,USD,DUT077119
<<< 6,2,LookAheadMaintMarginReq-C,0.00,USD,DUT077119
<<< 6,2,LookAheadMaintMarginReq-P,0.00,USD,DUT077119
<<< 6,2,LookAheadMaintMarginReq-S,17988.34,USD,DUT077119
<<< 6,2,LookAheadNextChange,1789156800,,DUT077119
<<< 6,2,MaintMarginReq,17988.34,USD,DUT077119
<<< 6,2,MaintMarginReq-C,0.00,USD,DUT077119
<<< 6,2,MaintMarginReq-P,0.00,USD,DUT077119
<<< 6,2,MaintMarginReq-S,17988.34,USD,DUT077119
<<< 6,2,NLVAndMarginInReview,false,,DUT077119
<<< 6,2,NetLiquidation,1001090.84,USD,DUT077119
<<< 6,2,NetLiquidation-C,0.00,USD,DUT077119
<<< 6,2,NetLiquidation-P,0.00,USD,DUT077119
<<< 6,2,NetLiquidation-S,1001090.84,USD,DUT077119
<<< 6,2,NetLiquidationUncertainty,0.00,USD,DUT077119
<<< 6,2,PASharesValue,0.00,USD,DUT077119
<<< 6,2,PASharesValue-C,0.00,USD,DUT077119
<<< 6,2,PASharesValue-P,0.00,USD,DUT077119
<<< 6,2,PASharesValue-S,0.00,USD,DUT077119
<<< 6,2,PhysicalCertificateValue,0.00,USD,DUT077119
<<< 6,2,PhysicalCertificateValue-C,0.00,USD,DUT077119
<<< 6,2,PhysicalCertificateValue-P,0.00,USD,DUT077119
<<< 6,2,PhysicalCertificateValue-S,0.00,USD,DUT077119
<<< 6,2,PostExpirationExcess,0.00,USD,DUT077119
<<< 6,2,PostExpirationExcess-C,0.00,USD,DUT077119
<<< 6,2,PostExpirationExcess-P,0.00,USD,DUT077119
<<< 6,2,PostExpirationExcess-S,0.00,USD,DUT077119
<<< 6,2,PostExpirationMargin,0.00,USD,DUT077119
<<< 6,2,PostExpirationMargin-C,0.00,USD,DUT077119
<<< 6,2,PostExpirationMargin-P,0.00,USD,DUT077119
<<< 6,2,PostExpirationMargin-S,0.00,USD,DUT077119
<<< 6,2,RegTEquity,1001090.84,USD,DUT077119
<<< 6,2,RegTEquity-S,1001090.84,USD,DUT077119
<<< 6,2,RegTMargin,35976.68,USD,DUT077119
<<< 6,2,RegTMargin-S,35976.68,USD,DUT077119
<<< 6,2,SMA,965114.16,USD,DUT077119
<<< 6,2,SMA-S,965114.16,USD,DUT077119
<<< 6,2,SegmentTitle-C,US Commodities,,DUT077119
<<< 6,2,SegmentTitle-P,Crypto at Paxos,,DUT077119
<<< 6,2,SegmentTitle-S,US Securities,,DUT077119
<<< 6,2,SettledCashByDate,20260911:928486.05,BASE,DUT077119
<<< 6,2,SettledCashByDate,20260911:928486.05,USD,DUT077119
<<< 6,2,SettledCashByDate-C,20260911:0,BASE,DUT077119
<<< 6,2,SettledCashByDate-C,20260911:0,USD,DUT077119
<<< 6,2,SettledCashByDate-P,20260911:0,BASE,DUT077119
<<< 6,2,SettledCashByDate-P,20260911:0,USD,DUT077119
<<< 6,2,SettledCashByDate-S,20260911:928486.05,BASE,DUT077119
<<< 6,2,SettledCashByDate-S,20260911:928486.05,USD,DUT077119
<<< 6,2,TotalCashValue,928486.05,USD,DUT077119
<<< 6,2,TotalCashValue-C,0.00,USD,DUT077119
<<< 6,2,TotalCashValue-P,0.00,USD,DUT077119
<<< 6,2,TotalCashValue-S,928486.05,USD,DUT077119
<<< 6,2,TotalDebitCardPendingCharges,0.00,USD,DUT077119
<<< 6,2,TotalDebitCardPendingCharges-C,0.00,USD,DUT077119
<<< 6,2,TotalDebitCardPendingCharges-P,0.00,USD,DUT077119
<<< 6,2,TotalDebitCardPendingCharges-S,0.00,USD,DUT077119
<<< 6,2,TradingType-S,STKNOPT,,DUT077119
<<< 6,2,WhatIfPMEnabled,true,,DUT077119
<<< 7,8,265598,AAPL,STK,,0,0,,NASDAQ,USD,AAPL,NMS,1,334.35998535,334.36,328.95,5.41,0.0,DUT077119
updatePortfolio: PortfolioItem(contract=Stock(conId=265598, symbol='AAPL', right='0', primaryExchange='NASDAQ', currency='USD', localSymbol='AAPL', tradingClass='NMS'), position=1.0, marketPrice=334.35998535, marketValue=334.36, averageCost=328.95, unrealizedPNL=5.41, realizedPNL=0.0, account='DUT077119')
<<< 8,1,00:35
<<< 7,8,320227571,QQQ,STK,,0,0,,NASDAQ,USD,QQQ,NMS,100,716.19000245,71619.0,711.850003,434.0,0.0,DUT077119
updatePortfolio: PortfolioItem(contract=Stock(conId=320227571, symbol='QQQ', right='0', primaryExchange='NASDAQ', currency='USD', localSymbol='QQQ', tradingClass='NMS'), position=100.0, marketPrice=716.19000245, marketValue=71619.0, averageCost=711.850003, unrealizedPNL=434.0, realizedPNL=0.0, account='DUT077119')
<<< 8,1,00:35
<<< 8,1,00:35
<<< 54,1,DUT077119
<<< 73,1,1,DUT077119,,AccountCode,DUT077119,
<<< 73,1,1,DUT077119,,AccountReady,true,
<<< 73,1,1,DUT077119,,AccountType,INDIVIDUAL,
<<< 73,1,1,DUT077119,,AccruedCash,651.43,USD
<<< 73,1,1,DUT077119,,AccruedCash-C,0.00,USD
<<< 73,1,1,DUT077119,,AccruedCash-P,0.00,USD
<<< 73,1,1,DUT077119,,AccruedCash-S,651.43,USD
<<< 73,1,1,DUT077119,,AccruedDividend,0.00,USD
<<< 73,1,1,DUT077119,,AccruedDividend-C,0.00,USD
<<< 73,1,1,DUT077119,,AccruedDividend-P,0.00,USD
<<< 73,1,1,DUT077119,,AccruedDividend-S,0.00,USD
<<< 73,1,1,DUT077119,,AvailableFunds,982451.07,USD
<<< 73,1,1,DUT077119,,AvailableFunds-C,0.00,USD
<<< 73,1,1,DUT077119,,AvailableFunds-P,0.00,USD
<<< 73,1,1,DUT077119,,AvailableFunds-S,982451.07,USD
<<< 73,1,1,DUT077119,,Billable,0.00,USD
<<< 73,1,1,DUT077119,,Billable-C,0.00,USD
<<< 73,1,1,DUT077119,,Billable-P,0.00,USD
<<< 73,1,1,DUT077119,,Billable-S,0.00,USD
<<< 73,1,1,DUT077119,,BuyingPower,3929804.28,USD
<<< 73,1,1,DUT077119,,ColumnPrio-C,2,
<<< 73,1,1,DUT077119,,ColumnPrio-P,5,
<<< 73,1,1,DUT077119,,ColumnPrio-S,1,
<<< 73,1,1,DUT077119,,Cushion,1,
<<< 73,1,1,DUT077119,,EquityWithLoanValue,1000439.41,USD
<<< 73,1,1,DUT077119,,EquityWithLoanValue-C,0.00,USD
<<< 73,1,1,DUT077119,,EquityWithLoanValue-P,0.00,USD
<<< 73,1,1,DUT077119,,EquityWithLoanValue-S,1000439.41,USD
<<< 73,1,1,DUT077119,,ExcessLiquidity,982451.07,USD
<<< 73,1,1,DUT077119,,ExcessLiquidity-C,0.00,USD
<<< 73,1,1,DUT077119,,ExcessLiquidity-P,0.00,USD
<<< 73,1,1,DUT077119,,ExcessLiquidity-S,982451.07,USD
<<< 73,1,1,DUT077119,,FullAvailableFunds,982451.07,USD
<<< 73,1,1,DUT077119,,FullAvailableFunds-C,0.00,USD
<<< 73,1,1,DUT077119,,FullAvailableFunds-P,0.00,USD
<<< 73,1,1,DUT077119,,FullAvailableFunds-S,982451.07,USD
<<< 73,1,1,DUT077119,,FullExcessLiquidity,982451.07,USD
<<< 73,1,1,DUT077119,,FullExcessLiquidity-C,0.00,USD
<<< 73,1,1,DUT077119,,FullExcessLiquidity-P,0.00,USD
<<< 73,1,1,DUT077119,,FullExcessLiquidity-S,982451.07,USD
<<< 73,1,1,DUT077119,,FullInitMarginReq,17988.34,USD
<<< 73,1,1,DUT077119,,FullInitMarginReq-C,0.00,USD
<<< 73,1,1,DUT077119,,FullInitMarginReq-P,0.00,USD
<<< 73,1,1,DUT077119,,FullInitMarginReq-S,17988.34,USD
<<< 73,1,1,DUT077119,,FullMaintMarginReq,17988.34,USD
<<< 73,1,1,DUT077119,,FullMaintMarginReq-C,0.00,USD
<<< 73,1,1,DUT077119,,FullMaintMarginReq-P,0.00,USD
<<< 73,1,1,DUT077119,,FullMaintMarginReq-S,17988.34,USD
<<< 73,1,1,DUT077119,,GrossPositionValue,71953.36,USD
<<< 73,1,1,DUT077119,,GrossPositionValue-C,0.00,USD
<<< 73,1,1,DUT077119,,GrossPositionValue-S,71953.36,USD
<<< 73,1,1,DUT077119,,Guarantee,0.00,USD
<<< 73,1,1,DUT077119,,Guarantee-C,0.00,USD
<<< 73,1,1,DUT077119,,Guarantee-P,0.00,USD
<<< 73,1,1,DUT077119,,Guarantee-S,0.00,USD
<<< 73,1,1,DUT077119,,IncentiveCoupons,0.00,USD
<<< 73,1,1,DUT077119,,IncentiveCoupons-C,0.00,USD
<<< 73,1,1,DUT077119,,IncentiveCoupons-P,0.00,USD
<<< 73,1,1,DUT077119,,IncentiveCoupons-S,0.00,USD
<<< 73,1,1,DUT077119,,IndianStockHaircut,0.00,USD
<<< 73,1,1,DUT077119,,IndianStockHaircut-C,0.00,USD
<<< 73,1,1,DUT077119,,IndianStockHaircut-P,0.00,USD
<<< 73,1,1,DUT077119,,IndianStockHaircut-S,0.00,USD
<<< 73,1,1,DUT077119,,InitMarginReq,17988.34,USD
<<< 73,1,1,DUT077119,,InitMarginReq-C,0.00,USD
<<< 73,1,1,DUT077119,,InitMarginReq-P,0.00,USD
<<< 73,1,1,DUT077119,,InitMarginReq-S,17988.34,USD
<<< 73,1,1,DUT077119,,Leverage-C,0.00,
<<< 73,1,1,DUT077119,,Leverage-S,0.07,
<<< 73,1,1,DUT077119,,LookAheadAvailableFunds,982451.07,USD
<<< 73,1,1,DUT077119,,LookAheadAvailableFunds-C,0.00,USD
<<< 73,1,1,DUT077119,,LookAheadAvailableFunds-P,0.00,USD
<<< 73,1,1,DUT077119,,LookAheadAvailableFunds-S,982451.07,USD
<<< 73,1,1,DUT077119,,LookAheadExcessLiquidity,982451.07,USD
<<< 73,1,1,DUT077119,,LookAheadExcessLiquidity-C,0.00,USD
<<< 73,1,1,DUT077119,,LookAheadExcessLiquidity-P,0.00,USD
<<< 73,1,1,DUT077119,,LookAheadExcessLiquidity-S,982451.07,USD
<<< 73,1,1,DUT077119,,LookAheadInitMarginReq,17988.34,USD
<<< 73,1,1,DUT077119,,LookAheadInitMarginReq-C,0.00,USD
<<< 73,1,1,DUT077119,,LookAheadInitMarginReq-P,0.00,USD
<<< 73,1,1,DUT077119,,LookAheadInitMarginReq-S,17988.34,USD
<<< 73,1,1,DUT077119,,LookAheadMaintMarginReq,17988.34,USD
<<< 73,1,1,DUT077119,,LookAheadMaintMarginReq-C,0.00,USD
<<< 73,1,1,DUT077119,,LookAheadMaintMarginReq-P,0.00,USD
<<< 73,1,1,DUT077119,,LookAheadMaintMarginReq-S,17988.34,USD
<<< 73,1,1,DUT077119,,LookAheadNextChange,1789156800,
<<< 73,1,1,DUT077119,,MaintMarginReq,17988.34,USD
<<< 73,1,1,DUT077119,,MaintMarginReq-C,0.00,USD
<<< 73,1,1,DUT077119,,MaintMarginReq-P,0.00,USD
<<< 73,1,1,DUT077119,,MaintMarginReq-S,17988.34,USD
<<< 73,1,1,DUT077119,,NLVAndMarginInReview,false,
<<< 73,1,1,DUT077119,,NetLiquidation,1001090.84,USD
<<< 73,1,1,DUT077119,,NetLiquidation-C,0.00,USD
<<< 73,1,1,DUT077119,,NetLiquidation-P,0.00,USD
<<< 73,1,1,DUT077119,,NetLiquidation-S,1001090.84,USD
<<< 73,1,1,DUT077119,,NetLiquidationUncertainty,0.00,USD
<<< 73,1,1,DUT077119,,PASharesValue,0.00,USD
<<< 73,1,1,DUT077119,,PASharesValue-C,0.00,USD
<<< 73,1,1,DUT077119,,PASharesValue-P,0.00,USD
<<< 73,1,1,DUT077119,,PASharesValue-S,0.00,USD
<<< 73,1,1,DUT077119,,PhysicalCertificateValue,0.00,USD
<<< 73,1,1,DUT077119,,PhysicalCertificateValue-C,0.00,USD
<<< 73,1,1,DUT077119,,PhysicalCertificateValue-P,0.00,USD
<<< 73,1,1,DUT077119,,PhysicalCertificateValue-S,0.00,USD
<<< 73,1,1,DUT077119,,PostExpirationExcess,0.00,USD
<<< 73,1,1,DUT077119,,PostExpirationExcess-C,0.00,USD
<<< 73,1,1,DUT077119,,PostExpirationExcess-P,0.00,USD
<<< 73,1,1,DUT077119,,PostExpirationExcess-S,0.00,USD
<<< 73,1,1,DUT077119,,PostExpirationMargin,0.00,USD
<<< 73,1,1,DUT077119,,PostExpirationMargin-C,0.00,USD
<<< 73,1,1,DUT077119,,PostExpirationMargin-P,0.00,USD
<<< 73,1,1,DUT077119,,PostExpirationMargin-S,0.00,USD
<<< 73,1,1,DUT077119,,RegTEquity,1001090.84,USD
<<< 73,1,1,DUT077119,,RegTEquity-S,1001090.84,USD
<<< 73,1,1,DUT077119,,RegTMargin,35976.68,USD
<<< 73,1,1,DUT077119,,RegTMargin-S,35976.68,USD
<<< 73,1,1,DUT077119,,SMA,965114.16,USD
<<< 73,1,1,DUT077119,,SMA-S,965114.16,USD
<<< 73,1,1,DUT077119,,SegmentTitle-C,US Commodities,
<<< 73,1,1,DUT077119,,SegmentTitle-P,Crypto at Paxos,
<<< 73,1,1,DUT077119,,SegmentTitle-S,US Securities,
<<< 73,1,1,DUT077119,,SettledCashByDate,20260911:928486.05,BASE
<<< 73,1,1,DUT077119,,SettledCashByDate,20260911:928486.05,USD
<<< 73,1,1,DUT077119,,SettledCashByDate-C,20260911:0,BASE
<<< 73,1,1,DUT077119,,SettledCashByDate-C,20260911:0,USD
<<< 73,1,1,DUT077119,,SettledCashByDate-P,20260911:0,BASE
<<< 73,1,1,DUT077119,,SettledCashByDate-P,20260911:0,USD
<<< 73,1,1,DUT077119,,SettledCashByDate-S,20260911:928486.05,BASE
<<< 73,1,1,DUT077119,,SettledCashByDate-S,20260911:928486.05,USD
<<< 73,1,1,DUT077119,,TotalCashValue,928486.05,USD
<<< 73,1,1,DUT077119,,TotalCashValue-C,0.00,USD
<<< 73,1,1,DUT077119,,TotalCashValue-P,0.00,USD
<<< 73,1,1,DUT077119,,TotalCashValue-S,928486.05,USD
<<< 73,1,1,DUT077119,,TotalDebitCardPendingCharges,0.00,USD
<<< 73,1,1,DUT077119,,TotalDebitCardPendingCharges-C,0.00,USD
<<< 73,1,1,DUT077119,,TotalDebitCardPendingCharges-P,0.00,USD
<<< 73,1,1,DUT077119,,TotalDebitCardPendingCharges-S,0.00,USD
<<< 73,1,1,DUT077119,,TradingType-S,STKNOPT,
<<< 73,1,1,DUT077119,,WhatIfPMEnabled,true,
<<< 73,1,1,DUT077119,,$LEDGER-Currency,USD,USD
<<< 73,1,1,DUT077119,,$LEDGER-CashBalance,928486.05,USD
<<< 73,1,1,DUT077119,,$LEDGER-TotalCashBalance,928486.05,USD
<<< 73,1,1,DUT077119,,$LEDGER-AccruedCash,651.43,USD
<<< 73,1,1,DUT077119,,$LEDGER-StockMarketValue,71953.36,USD
<<< 73,1,1,DUT077119,,$LEDGER-OptionMarketValue,0.00,USD
<<< 73,1,1,DUT077119,,$LEDGER-FutureOptionValue,0.00,USD
<<< 73,1,1,DUT077119,,$LEDGER-FuturesPNL,0.00,USD
<<< 73,1,1,DUT077119,,$LEDGER-NetLiquidationByCurrency,1001090.8402,USD
<<< 73,1,1,DUT077119,,$LEDGER-UnrealizedPnL,439.41,USD
<<< 73,1,1,DUT077119,,$LEDGER-RealizedPnL,0.00,USD
<<< 73,1,1,DUT077119,,$LEDGER-ExchangeRate,1.00,USD
<<< 73,1,1,DUT077119,,$LEDGER-FundValue,0.00,USD
<<< 73,1,1,DUT077119,,$LEDGER-NetDividend,0.00,USD
<<< 73,1,1,DUT077119,,$LEDGER-MutualFundValue,0.00,USD
<<< 73,1,1,DUT077119,,$LEDGER-MoneyMarketFundValue,0.00,USD
<<< 73,1,1,DUT077119,,$LEDGER-CorporateBondValue,0.00,USD
<<< 73,1,1,DUT077119,,$LEDGER-TBondValue,0.00,USD
<<< 73,1,1,DUT077119,,$LEDGER-TBillValue,0.00,USD
<<< 73,1,1,DUT077119,,$LEDGER-WarrantValue,0.00,USD
<<< 73,1,1,DUT077119,,$LEDGER-FxCashBalance,0.00,USD
<<< 73,1,1,DUT077119,,$LEDGER-AccountOrGroup,DUT077119,USD
<<< 73,1,1,DUT077119,,$LEDGER-RealCurrency,USD,USD
<<< 73,1,1,DUT077119,,$LEDGER-IssuerOptionValue,0.00,USD
<<< 73,1,1,DUT077119,,$LEDGER-InsuredDeposit,,USD
<<< 73,1,1,DUT077119,,$LEDGER-Cryptocurrency,0.00,USD
<<< 73,1,1,DUT077119,,$LEDGER-Currency,BASE,BASE
<<< 73,1,1,DUT077119,,$LEDGER-CashBalance,928486.05,BASE
<<< 73,1,1,DUT077119,,$LEDGER-TotalCashBalance,928486.05,BASE
<<< 73,1,1,DUT077119,,$LEDGER-AccruedCash,651.43,BASE
<<< 73,1,1,DUT077119,,$LEDGER-StockMarketValue,71953.36,BASE
<<< 73,1,1,DUT077119,,$LEDGER-OptionMarketValue,0.00,BASE
<<< 73,1,1,DUT077119,,$LEDGER-FutureOptionValue,0.00,BASE
<<< 73,1,1,DUT077119,,$LEDGER-FuturesPNL,0.00,BASE
<<< 73,1,1,DUT077119,,$LEDGER-NetLiquidationByCurrency,1001090.8402,BASE
<<< 73,1,1,DUT077119,,$LEDGER-UnrealizedPnL,439.41,BASE
<<< 73,1,1,DUT077119,,$LEDGER-RealizedPnL,0.00,BASE
<<< 73,1,1,DUT077119,,$LEDGER-ExchangeRate,1.00,BASE
<<< 73,1,1,DUT077119,,$LEDGER-FundValue,0.00,BASE
<<< 73,1,1,DUT077119,,$LEDGER-NetDividend,0.00,BASE
<<< 73,1,1,DUT077119,,$LEDGER-MutualFundValue,0.00,BASE
<<< 73,1,1,DUT077119,,$LEDGER-MoneyMarketFundValue,0.00,BASE
<<< 73,1,1,DUT077119,,$LEDGER-CorporateBondValue,0.00,BASE
<<< 73,1,1,DUT077119,,$LEDGER-TBondValue,0.00,BASE
<<< 73,1,1,DUT077119,,$LEDGER-TBillValue,0.00,BASE
<<< 73,1,1,DUT077119,,$LEDGER-WarrantValue,0.00,BASE
<<< 73,1,1,DUT077119,,$LEDGER-FxCashBalance,0.00,BASE
<<< 73,1,1,DUT077119,,$LEDGER-AccountOrGroup,DUT077119,BASE
<<< 73,1,1,DUT077119,,$LEDGER-RealCurrency,USD,BASE
<<< 73,1,1,DUT077119,,$LEDGER-IssuerOptionValue,0.00,BASE
<<< 73,1,1,DUT077119,,$LEDGER-InsuredDeposit,,BASE
<<< 73,1,1,DUT077119,,$LEDGER-Cryptocurrency,0.00,BASE
<<< 74,1,1
>>> 7,3,2,0,,,,,,
<<< 55,1,2
Synchronization complete
>>> 9,8,3,0,ES,FUT,202609,0.0,,50,CME,,,,,0,,,
<<< 10,3,ES,FUT,20260918 08:30:00 US/Central,0,,CME,USD,ESU6,ES,ES,649180671,0.25,50,ACTIVETIM,AD,ADJUST,ALERT,ALGO,ALLOC,AVGCOST,BASKET,BENCHPX,COND,CONDORDER,DAY,DEACT,DEACTDIS,DEACTEOD,GAT,GTC,GTD,GTT,HID,ICE,IOC,LIT,LMT,LTH,MIT,MKT,MTL,NGCOMB,NONALGO,OCA,PEGBENCH,SCALE,SCALERST,SNAPMID,SNAPMKT,SNAPREL,STP,STPLMT,TRAIL,TRAILLIT,TRAILLMT,TRAILMIT,WHATIF,CME,QBALGO,1,11004968,E-mini S&P 500,,202609,,,,US/Central,20260910:1700-20260911:1600;20260912:CLOSED;20260913:1700-20260914:1600;20260914:1700-20260915:1600;20260915:1700-20260916:1600;20260916:1700-20260917:1600,20260911:0830-20260911:1600;20260912:CLOSED;20260913:CLOSED;20260914:0830-20260914:1600;20260915:0830-20260915:1600;20260916:0830-20260916:1600;20260916:1700-20260917:1600,,,0,2147483647,ES,IND,67,67,20260918,,1,1,1
<<< 52,1,3
{'component': 'ibFuturesContractPriceData', 'instrument_code': 'SP500', 'contract_date': '20260900'} Updating log attributes
>>> 9,8,4,0,ES,FUT,202609,0.0,,50,CME,,,,,0,,,
<<< 10,4,ES,FUT,20260918 08:30:00 US/Central,0,,CME,USD,ESU6,ES,ES,649180671,0.25,50,ACTIVETIM,AD,ADJUST,ALERT,ALGO,ALLOC,AVGCOST,BASKET,BENCHPX,COND,CONDORDER,DAY,DEACT,DEACTDIS,DEACTEOD,GAT,GTC,GTD,GTT,HID,ICE,IOC,LIT,LMT,LTH,MIT,MKT,MTL,NGCOMB,NONALGO,OCA,PEGBENCH,SCALE,SCALERST,SNAPMID,SNAPMKT,SNAPREL,STP,STPLMT,TRAIL,TRAILLIT,TRAILLMT,TRAILMIT,WHATIF,CME,QBALGO,1,11004968,E-mini S&P 500,,202609,,,,US/Central,20260910:1700-20260911:1600;20260912:CLOSED;20260913:1700-20260914:1600;20260914:1700-20260915:1600;20260915:1700-20260916:1600;20260916:1700-20260917:1600,20260911:0830-20260911:1600;20260912:CLOSED;20260913:CLOSED;20260914:0830-20260914:1600;20260915:0830-20260915:1600;20260916:0830-20260916:1600;20260916:1700-20260917:1600,,,0,2147483647,ES,IND,67,67,20260918,,1,1,1
<<< 52,1,4
>>> 59,1,3
>>> 20,5,649180671,ES,FUT,20260918,0.0,,50,CME,,USD,ESU6,ES,0,,1 day,1 Y,1,TRADES,2,0,
<<< 17,5,20250911 11:35:55 US/Central,20260911 11:35:55 US/Central,251,20250912,6801.7500,6801.7500,6801.7500,6801.7500,0,6801.75,0,20250915,6837.2500,6837.2500,6837.2500,6837.2500,0,6837.25,0,20250916,6823.0000,6823.0000,6823.0000,6823.0000,0,6823,0,20250917,6809.7500,6809.7500,6809.7500,6809.7500,0,6809.75,0,20250918,6847.7500,6847.7500,6847.7500,6847.7500,0,6847.75,0,20250919,6878.0000,6878.0000,6878.0000,6878.0000,0,6878,0,20250922,6913.7500,6913.7500,6913.7500,6913.7500,0,6913.75,0,20250923,6873.0000,6873.0000,6873.0000,6873.0000,0,6873,0,20250924,6851.5000,6851.5000,6851.5000,6851.5000,0,6851.5,0,20250925,6822.2500,6822.2500,6822.2500,6822.2500,0,6822.25,0,20250926,6858.2500,6858.2500,6858.2500,6858.2500,0,6858.25,0,20250929,6875.5000,6875.5000,6875.5000,6875.5000,0,6875.5,0,20250930,6901.2500,6901.2500,6901.2500,6901.2500,0,6901.25,0,20251001,6920.7500,6920.7500,6920.7500,6920.7500,0,6920.75,0,20251002,6925.0000,6925.0000,6925.0000,6925.0000,0,6925,0,20251003,6923.2500,6923.2500,6923.2500,6923.2500,0,6923.25,0,20251006,6920.0000,6951.5000,6920.0000,6951.5000,1,6920,1,20251007,6910.0000,6920.7500,6910.0000,6920.7500,1,6910,1,20251008,6960.2500,6960.2500,6960.2500,6960.2500,0,6960.25,0,20251009,6939.5000,6939.5000,6939.5000,6939.5000,0,6939.5,0,20251010,6751.5000,6751.5000,6751.5000,6751.5000,0,6751.5,0,20251013,6845.2500,6845.2500,6845.2500,6845.2500,0,6845.25,0,20251014,6839.2500,6839.2500,6839.2500,6839.2500,0,6839.25,0,20251015,6869.2500,6869.2500,6869.2500,6869.2500,0,6869.25,0,20251016,6870.0000,6870.0000,6823.0000,6823.0000,1,6870,1,20251017,6857.0000,6857.0000,6857.0000,6857.0000,0,6857,0,20251020,6928.0000,6928.0000,6928.0000,6928.0000,0,6928,0,20251021,6928.0000,6928.0000,6928.0000,6928.0000,0,6928,0,20251022,6891.0000,6891.0000,6891.0000,6891.0000,0,6891,0,20251023,6930.7500,6930.7500,6930.7500,6930.7500,0,6930.75,0,20251024,6985.5000,6985.5000,6985.5000,6985.5000,0,6985.5,0,20251027,7073.0000,7073.0000,7073.0000,7073.0000,0,7073,0,20251028,7090.0000,7090.0000,7090.0000,7090.0000,0,7090,0,20251029,7085.0000,7085.0000,7085.0000,7085.0000,0,7085,0,20251030,7023.2500,7023.2500,7023.2500,7023.2500,0,7023.25,0,20251031,7042.2500,7042.2500,7042.2500,7042.2500,0,7042.25,0,20251103,7035.0000,7050.7500,7035.0000,7050.7500,5,7035,1,20251104,6963.7500,6963.7500,6963.7500,6963.7500,0,6963.75,0,20251105,6992.7500,6992.7500,6992.7500,6992.7500,0,6992.75,0,20251106,6910.7500,6910.7500,6910.7500,6910.7500,0,6910.75,0,20251107,6913.2500,6913.2500,6913.2500,6913.2500,0,6913.25,0,20251110,7020.5000,7021.7500,7020.5000,7021.7500,1,7020.5,1,20251111,7037.0000,7037.0000,7037.0000,7037.0000,0,7037,0,20251112,7043.0000,7043.0000,7043.0000,7043.0000,0,7043,0,20251113,6925.2500,6925.2500,6925.2500,6925.2500,0,6925.25,0,20251114,6918.5000,6918.5000,6918.5000,6918.5000,0,6918.5,0,20251117,6850.0000,6854.7500,6850.0000,6854.7500,1,6850,1,20251118,6797.5000,6797.5000,6797.5000,6797.5000,0,6797.5,0,20251119,6820.0000,6820.0000,6820.0000,6820.0000,0,6820,0,20251120,6713.2500,6713.2500,6713.2500,6713.2500,0,6713.25,0,20251121,6777.2500,6777.2500,6777.2500,6777.2500,0,6777.25,0,20251124,6879.5000,6879.5000,6879.5000,6879.5000,0,6879.5,0,20251125,6940.2500,6940.2500,6940.2500,6940.2500,1,6940.25,1,20251126,6988.0000,6988.0000,6988.0000,6988.0000,0,6988,0,20251128,7019.0000,7019.0000,7019.0000,7019.0000,0,7019,0,20251201,6985.5000,6985.5000,6985.5000,6985.5000,0,6985.5,0,20251202,7003.5000,7003.5000,7003.5000,7003.5000,0,7003.5,0,20251203,7020.7500,7020.7500,7020.7500,7020.7500,0,7020.75,0,20251204,7027.7500,7027.7500,7027.7500,7027.7500,0,7027.75,0,20251205,7040.5000,7040.5000,7040.5000,7040.5000,0,7040.5,0,20251208,7016.0000,7016.0000,7016.0000,7016.0000,0,7016,0,20251209,7011.0000,7011.0000,7011.0000,7011.0000,0,7011,0,20251210,7036.2500,7051.2500,7036.2500,7051.2500,1,7036.25,1,20251211,7071.0000,7071.0000,7071.0000,7071.0000,0,7071,0,20251212,6991.5000,6991.5000,6991.5000,6991.5000,0,6991.5,0,20251215,6981.7500,6981.7500,6981.7500,6981.7500,0,6981.75,0,20251216,6954.5000,6954.5000,6954.5000,6954.5000,0,6954.5,0,20251217,6935.2500,6935.2500,6877.7500,6877.7500,6,6907.7,4,20251218,6931.7500,6931.7500,6931.7500,6931.7500,0,6931.75,0,20251219,6971.0000,6983.0000,6971.0000,6983.0000,5,6971,1,20251222,7012.5000,7030.5000,7012.5000,7030.5000,23,7023.825,17,20251223,7040.0000,7062.0000,7040.0000,7062.0000,2,7051,2,20251224,7087.0000,7087.0000,7081.7500,7081.7500,2,7086,2,20251226,7080.5000,7080.5000,7080.5000,7080.5000,0,7080.5,0,20251229,7057.2500,7057.2500,7055.2500,7055.2500,1,7057.25,1,20251230,7048.0000,7048.0000,7045.0000,7045.0000,1,7048,1,20251231,7023.7500,7023.7500,6993.0000,6993.0000,1,7023.75,1,20260102,7002.0000,7002.0000,6978.5000,7000.0000,4,6991.125,4,20260105,7056.7500,7056.7500,7044.7500,7044.7500,2,7052.375,2,20260106,7060.7500,7091.2500,7060.7500,7091.2500,2,7062.375,2,20260107,7090.2500,7102.5000,7063.0000,7064.5000,4,7087.45,4,20260108,7060.0000,7072.7500,7057.5000,7063.7500,4,7064.825,4,20260109,7079.0000,7118.0000,7066.7500,7108.0000,7,7096.525,7,20260112,7114.0000,7123.7500,7114.0000,7121.0000,4,7118.875,4,20260113,7093.7500,7107.0000,7093.7500,7107.0000,2,7096.75,2,20260114,7071.0000,7072.7500,7030.0000,7068.2500,19,7053.3,19,20260115,7107.2500,7120.2500,7087.5000,7087.5000,17,7102.925,9,20260116,7091.7500,7098.7500,7076.7500,7082.7500,18,7087.525,15,20260120,6976.5000,6976.5000,6932.7500,6932.7500,1,6976.5,1,20260121,7011.0000,7041.0000,7005.0000,7013.7500,3,7019,3,20260122,7056.2500,7065.2500,7050.0000,7050.0000,9,7058.15,5,20260123,7060.0000,7064.7500,7041.2500,7051.7500,6,7051.575,4,20260126,7083.0000,7088.0000,7082.0000,7088.0000,2,7082.5,2,20260127,7122.0000,7122.0000,7114.2500,7114.2500,1,7122,1,20260128,7125.7500,7125.7500,7116.0000,7116.0000,1,7125.75,1,20260129,7126.7500,7126.7500,7026.7500,7098.0000,9,7068.65,8,20260130,7085.0000,7089.2500,7031.0000,7071.0000,8,7069.575,8,20260202,7080.7500,7115.2500,7080.7500,7109.0000,4,7099.125,4,20260203,7113.0000,7113.0000,6997.7500,7048.2500,18,7068.8,12,20260204,7051.0000,7051.0000,6969.2500,7011.7500,26,7014.525,26,20260205,6930.2500,6962.2500,6910.5000,6922.0000,23,6936.4,19,20260206,6990.5000,7068.5000,6990.5000,7058.0000,17,7024.025,17,20260209,7046.7500,7094.0000,7046.7500,7088.5000,15,7060.65,7,20260210,7096.2500,7096.2500,7063.2500,7063.2500,1,7096.25,1,20260211,7090.0000,7090.0000,7041.0000,7065.0000,22,7065,20,20260212,7074.7500,7074.7500,6950.2500,6952.5000,16,7003.35,14,20260213,6923.2500,6999.0000,6923.2500,6951.5000,20,6977.05,18,20260217,6904.0000,6968.7500,6898.0000,6961.5000,4,6930.575,4,20260218,6968.7500,7024.5000,6968.7500,6996.0000,4,7002.2,4,20260219,6978.7500,6979.7500,6967.7500,6977.5000,7,6974.65,7,20260220,6977.7500,7026.2500,6977.7500,7026.2500,30,7008.8,29,20260223,7025.0000,7026.2500,6950.0000,6954.0000,20,6987.55,12,20260224,6978.2500,7009.2500,6978.2500,7005.5000,9,6999.15,9,20260225,7047.2500,7062.5000,7047.2500,7062.5000,1,7047.25,1,20260226,7037.7500,7037.7500,6980.0000,7023.7500,19,7016.225,15,20260227,6964.5000,6994.0000,6964.0000,6994.0000,5,6967.45,5,20260302,6980.5000,7001.0000,6980.5000,6991.5000,8,6993.65,8,20260303,6883.7500,6941.7500,6821.2500,6926.0000,25,6871.225,20,20260304,6950.0000,6986.7500,6946.0000,6979.2500,8,6972.25,8,20260305,6898.7500,6937.5000,6886.5000,6937.5000,34,6903.4,24,20260306,6846.2500,6878.7500,6821.0000,6844.5000,33,6854.7,26,20260309,6777.0000,6908.0000,6746.2500,6900.7500,52,6816.7,39,20260310,6898.5000,6949.0000,6887.7500,6887.7500,47,6921.925,32,20260311,6898.0000,6918.5000,6853.7500,6880.5000,72,6867.475,52,20260312,6817.5000,6829.7500,6776.2500,6779.0000,69,6805.25,58,20260313,6808.5000,6832.5000,6729.0000,6734.5000,55,6781.025,41,20260316,6791.7500,6830.0000,6786.5000,6805.7500,153,6807.75,81,20260317,6848.0000,6858.0000,6818.7500,6823.5000,91,6835.95,84,20260318,6797.7500,6808.5000,6713.5000,6727.2500,190,6777.75,153,20260319,6676.2500,6741.0000,6668.5000,6711.0000,286,6694.85,194,20260320,6691.5000,6692.0000,6577.0000,6609.5000,432,6634.3,334,20260323,6707.0000,6756.2500,6668.2500,6685.7500,1292,6720.85,786,20260324,6638.7500,6728.7500,6625.7500,6657.0000,396,6671.6,317,20260325,6718.7500,6730.2500,6670.0000,6691.7500,1025,6708.975,491,20260326,6639.5000,6670.2500,6569.2500,6575.5000,449,6609.675,362,20260327,6535.0000,6542.5000,6440.2500,6461.0000,1087,6490.85,790,20260330,6519.0000,6519.0000,6407.0000,6435.7500,599,6441.1,397,20260331,6498.5000,6627.0000,6498.5000,6620.0000,628,6581.825,503,20260401,6658.7500,6703.2500,6650.0000,6667.5000,611,6679.6,434,20260402,6581.5000,6693.5000,6565.2500,6672.2500,654,6652.05,511,20260406,6673.5000,6708.0000,6668.2500,6701.2500,437,6691.075,341,20260407,6686.5000,6721.2500,6625.0000,6707.0000,746,6671.675,584,20260408,6885.0000,6887.2500,6834.0000,6876.0000,537,6864.15,451,20260409,6866.5000,6927.7500,6854.5000,6916.0000,619,6898.05,423,20260410,6929.2500,6935.7500,6900.2500,6908.0000,351,6917,281,20260413,6891.0000,6980.0000,6880.7500,6976.0000,576,6934.425,402,20260414,6996.0000,7060.7500,6992.7500,7059.0000,442,7037.225,304,20260415,7069.7500,7119.0000,7060.0000,7115.2500,432,7091.15,327,20260416,7128.0000,7142.7500,7101.5000,7131.7500,511,7123.575,330,20260417,7177.2500,7240.7500,7173.5000,7216.7500,600,7214.475,444,20260420,7205.0000,7214.5000,7177.2500,7203.0000,249,7195.15,207,20260421,7214.7500,7227.0000,7140.5000,7155.0000,767,7172.325,571,20260422,7202.5000,7228.0000,7192.2500,7226.2500,262,7214.725,218,20260423,7206.5000,7235.5000,7135.0000,7198.2500,648,7187.75,539,20260424,7220.7500,7255.0000,7201.5000,7250.0000,450,7238.6,327,20260427,7245.2500,7265.2500,7233.2500,7261.2500,199,7249.325,179,20260428,7227.5000,7237.2500,7202.0000,7226.0000,353,7216.375,303,20260429,7218.0000,7245.0000,7190.0000,7223.0000,401,7209.55,340,20260430,7244.7500,7306.5000,7213.0000,7299.5000,581,7271.625,399,20260501,7321.0000,7355.7500,7299.7500,7314.0000,1130,7333.725,616,20260504,7307.0000,7326.7500,7256.2500,7285.7500,715,7287.95,450,20260505,7324.0000,7359.7500,7323.0000,7343.5000,339,7336.175,268,20260506,7385.7500,7452.0000,7385.7500,7446.5000,495,7423.925,386,20260507,7453.7500,7465.7500,7404.7500,7420.0000,1298,7426.525,779,20260508,7454.5000,7484.7500,7454.0000,7476.7500,351,7474.2,250,20260511,7470.2500,7511.0000,7469.5000,7494.7500,400,7490.5,267,20260512,7472.0000,7491.2500,7421.0000,7484.5000,602,7453.65,462,20260513,7481.0000,7541.2500,7457.5000,7528.2500,615,7510.05,385,20260514,7538.7500,7599.5000,7538.7500,7585.0000,811,7574.55,482,20260515,7518.7500,7532.2500,7468.7500,7490.7500,1159,7507.2,872,20260518,7497.0000,7511.5000,7432.0000,7484.2500,1721,7470.175,1297,20260519,7445.7500,7473.0000,7412.0000,7436.0000,1820,7434.6,1386,20260520,7454.7500,7515.0000,7435.0000,7510.7500,2364,7488.65,1588,20260521,7480.0000,7544.0000,7467.5000,7525.0000,1748,7501.85,1331,20260522,7553.7500,7583.7500,7541.0000,7551.0000,2214,7561.225,1467,20260526,7596.2500,7615.2500,7577.7500,7597.5000,927,7596.725,648,20260527,7602.2500,7615.7500,7577.0000,7601.0000,1305,7594.85,892,20260528,7597.7500,7653.0000,7587.7500,7644.2500,1361,7626.5,1004,20260529,7653.0000,7673.5000,7640.0000,7657.5000,1532,7657.4,1181,20260601,7645.2500,7692.2500,7640.0000,7675.0000,2508,7664.2,1713,20260602,7660.2500,7693.7500,7657.5000,7686.0000,2153,7679.8,1351,20260603,7671.5000,7677.0000,7604.5000,7634.5000,4214,7641.15,3034,20260604,7609.7500,7675.0000,7605.0000,7664.5000,4183,7646.3,2759,20260605,7610.5000,7615.2500,7420.0000,7461.7500,9749,7525.8,6973,20260608,7518.7500,7539.0000,7465.7500,7477.5000,6515,7501.875,4400,20260609,7521.0000,7553.5000,7307.7500,7454.2500,37111,7417.725,27120,20260610,7415.7500,7466.2500,7315.7500,7338.7500,46447,7391.05,32446,20260611,7369.2500,7481.7500,7323.7500,7458.5000,184251,7407.025,100534,20260612,7486.0000,7525.0000,7429.0000,7497.5000,317026,7484.375,168359,20260615,7599.2500,7648.7500,7598.5000,7626.5000,776038,7626.275,273444,20260616,7627.7500,7636.7500,7578.0000,7587.2500,945506,7608.4,361021,20260617,7595.7500,7604.2500,7472.2500,7492.7500,1327531,7548.15,556477,20260618,7577.2500,7583.0000,7535.5000,7570.7500,1155499,7561.175,401277,20260622,7573.2500,7599.2500,7527.2500,7541.2500,1122363,7551.95,387034,20260623,7429.5000,7491.0000,7415.2500,7437.5000,1366525,7453.625,472659,20260624,7447.2500,7496.5000,7404.2500,7428.2500,1515717,7448.125,549287,20260625,7485.7500,7490.5000,7390.5000,7423.2500,1371150,7434.9,553018,20260626,7380.7500,7459.5000,7360.0000,7401.7500,1141940,7416.925,443150,20260629,7457.2500,7505.0000,7409.0000,7500.2500,1194022,7471.65,407650,20260630,7500.0000,7567.7500,7495.7500,7548.2500,1030249,7541.6,310621,20260701,7532.2500,7579.0000,7505.7500,7543.5000,1031079,7548.775,341380,20260702,7555.0000,7593.7500,7479.5000,7528.2500,1445154,7533.525,537747,20260706,7564.7500,7602.5000,7552.5000,7591.5000,820810,7582.95,277281,20260707,7580.7500,7587.5000,7529.5000,7551.2500,1010932,7554.7,369755,20260708,7507.0000,7536.5000,7469.5000,7528.7500,1093952,7510,407885,20260709,7546.7500,7595.0000,7529.5000,7588.7500,828138,7569.875,275651,20260710,7592.2500,7628.7500,7552.7500,7620.2500,825755,7603.75,282493,20260713,7595.5000,7610.5000,7547.2500,7563.0000,996716,7579.225,356614,20260714,7579.5000,7603.7500,7556.5000,7591.2500,798274,7584.975,286326,20260715,7612.5000,7626.2500,7571.7500,7614.7500,1067906,7605.25,364359,20260716,7597.0000,7615.0000,7548.2500,7577.7500,1040965,7587.75,351969,20260717,7485.0000,7539.0000,7473.0000,7497.7500,1301902,7510.825,435105,20260720,7534.5000,7552.0000,7476.7500,7484.2500,1055247,7511,342208,20260721,7526.0000,7554.0000,7504.5000,7545.7500,794270,7534.45,236703,20260722,7527.7500,7563.5000,7525.2500,7540.2500,792583,7545.1,244613,20260723,7453.5000,7486.2500,7411.7500,7445.0000,1274152,7444.9,438460,20260724,7444.0000,7496.5000,7431.5000,7447.5000,1185826,7457.8,388061,20260727,7507.7500,7514.0000,7416.2500,7448.2500,1190865,7450.125,419831,20260728,7449.5000,7485.7500,7417.0000,7465.2500,1070053,7457.325,357377,20260729,7456.2500,7482.7500,7324.0000,7351.2500,1658434,7407.325,611070,20260730,7414.5000,7498.0000,7399.0000,7472.5000,1301799,7439.55,419023,20260731,7499.0000,7541.0000,7427.5000,7519.2500,1505903,7489.425,504045,20260803,7546.0000,7637.7500,7542.7500,7628.2500,1125454,7608.5,326122,20260804,7657.5000,7786.0000,7656.0000,7765.5000,1378396,7738.275,392765,20260805,7809.7500,7820.2500,7745.7500,7749.5000,1208243,7779.725,384762,20260806,7752.0000,7768.5000,7724.2500,7734.7500,1041743,7743.075,356049,20260807,7757.2500,7786.7500,7743.5000,7779.7500,963999,7769.575,332665,20260810,7773.0000,7798.0000,7764.5000,7776.7500,734805,7779.225,233545,20260811,7791.7500,7792.5000,7738.0000,7747.5000,807055,7763.325,238207,20260812,7791.7500,7794.0000,7756.5000,7770.5000,740907,7771.375,225434,20260813,7793.2500,7838.5000,7785.5000,7822.5000,929939,7816.775,259342,20260814,7827.7500,7830.7500,7796.5000,7805.0000,731910,7809.55,215502,20260817,7803.0000,7809.5000,7763.5000,7768.7500,812656,7784.65,226289,20260818,7726.2500,7735.2500,7710.2500,7714.0000,1000778,7721.9,291747,20260819,7743.5000,7764.7500,7720.7500,7729.0000,1106484,7739.15,330689,20260820,7698.0000,7720.0000,7657.7500,7662.5000,1159197,7690.225,345903,20260821,7695.7500,7714.0000,7676.7500,7691.2500,932717,7692.55,254658,20260824,7681.7500,7686.5000,7655.0000,7669.7500,877732,7671.2,263315,20260825,7695.0000,7701.2500,7663.2500,7692.0000,779055,7686.95,233038,20260826,7678.7500,7710.2500,7671.0000,7690.0000,863206,7690.475,247967,20260827,7716.2500,7755.5000,7702.7500,7742.5000,1071254,7731.95,315349,20260828,7746.2500,7782.5000,7711.7500,7722.0000,1324345,7739.825,402122,20260831,7701.2500,7708.2500,7674.7500,7699.0000,976955,7690.625,266522,20260901,7647.0000,7673.7500,7621.5000,7642.7500,1275127,7648.925,338639,20260902,7650.5000,7691.2500,7643.0000,7676.5000,1042305,7674.025,293778,20260903,7704.2500,7766.5000,7700.0000,7754.7500,1186671,7739.625,334383,20260904,7742.0000,7751.0000,7711.7500,7722.0000,984141,7725.975,280366,20260908,7711.5000,7717.7500,7672.2500,7680.5000,1088909,7691.025,296820,20260909,7660.7500,7665.0000,7628.7500,7643.7500,1098340,7647.65,301573,20260910,7599.0000,7620.0000,7585.5000,7598.5000,1223610,7602.375,337057,20260911,7665.0000,7682.0000,7653.2500,7672.5000,636684,7669.525,194409
Log attributes reset
{'component': 'parquetFuturesContractPriceData', 'instrument_code': 'SP500', 'contract_date': '20260900'} Wrote 134 lines of prices for SP500/20260900 at Frequency.Day to parquetFuturesContractPriceData
{'component': 'parquetFuturesContractPriceData'} Added 3 additional rows of data
Added 3 rows at frequency Frequency.Day for SP500/20260900
{'component': 'parquetFuturesContractPriceData', 'instrument_code': 'SP500', 'contract_date': '20260900'} Wrote 134 lines of prices for SP500/20260900 at Frequency.Mixed to parquetFuturesContractPriceData
>>> 9,8,6,0,ES,FUT,202612,0.0,,50,CME,,,,,0,,,
<<< 10,6,ES,FUT,20261218 08:30:00 US/Central,0,,CME,USD,ESZ6,ES,ES,515416632,0.25,50,ACTIVETIM,AD,ADJUST,ALERT,ALGO,ALLOC,AVGCOST,BASKET,BENCHPX,COND,CONDORDER,DAY,DEACT,DEACTDIS,DEACTEOD,GAT,GTC,GTD,GTT,HID,ICE,IOC,LIT,LMT,LTH,MIT,MKT,MTL,NGCOMB,NONALGO,OCA,PEGBENCH,SCALE,SCALERST,SNAPMID,SNAPMKT,SNAPREL,STP,STPLMT,TRAIL,TRAILLIT,TRAILLMT,TRAILMIT,WHATIF,CME,QBALGO,1,11004968,E-mini S&P 500,,202612,,,,US/Central,20260910:1700-20260911:1600;20260912:CLOSED;20260913:1700-20260914:1600;20260914:1700-20260915:1600;20260915:1700-20260916:1600;20260916:1700-20260917:1600,20260911:0830-20260911:1600;20260912:CLOSED;20260913:CLOSED;20260914:0830-20260914:1600;20260915:0830-20260915:1600;20260916:0830-20260916:1600;20260916:1700-20260917:1600,,,0,2147483647,ES,IND,67,67,20261218,,1,1,1
<<< 52,1,6
{'instrument_code': 'SP500', 'contract_date': '20261200'} Updating log attributes
>>> 9,8,7,0,ES,FUT,202612,0.0,,50,CME,,,,,0,,,
<<< 10,7,ES,FUT,20261218 08:30:00 US/Central,0,,CME,USD,ESZ6,ES,ES,515416632,0.25,50,ACTIVETIM,AD,ADJUST,ALERT,ALGO,ALLOC,AVGCOST,BASKET,BENCHPX,COND,CONDORDER,DAY,DEACT,DEACTDIS,DEACTEOD,GAT,GTC,GTD,GTT,HID,ICE,IOC,LIT,LMT,LTH,MIT,MKT,MTL,NGCOMB,NONALGO,OCA,PEGBENCH,SCALE,SCALERST,SNAPMID,SNAPMKT,SNAPREL,STP,STPLMT,TRAIL,TRAILLIT,TRAILLMT,TRAILMIT,WHATIF,CME,QBALGO,1,11004968,E-mini S&P 500,,202612,,,,US/Central,20260910:1700-20260911:1600;20260912:CLOSED;20260913:1700-20260914:1600;20260914:1700-20260915:1600;20260915:1700-20260916:1600;20260916:1700-20260917:1600,20260911:0830-20260911:1600;20260912:CLOSED;20260913:CLOSED;20260914:0830-20260914:1600;20260915:0830-20260915:1600;20260916:0830-20260916:1600;20260916:1700-20260917:1600,,,0,2147483647,ES,IND,67,67,20261218,,1,1,1
<<< 52,1,7
{'instrument_code': 'SP500', 'contract_date': '20261200'} Pausing 0.404602 seconds to avoid pacing violation
>>> 59,1,3
>>> 20,8,515416632,ES,FUT,20261218,0.0,,50,CME,,USD,ESZ6,ES,0,,1 day,1 Y,1,TRADES,2,0,
<<< 17,8,20250911 11:35:56 US/Central,20260911 11:35:56 US/Central,250,20250912,6845.2500,6845.2500,6845.2500,6845.2500,0,6845.25,0,20250915,6881.2500,6881.2500,6881.2500,6881.2500,0,6881.25,0,20250916,6868.0000,6868.0000,6868.0000,6868.0000,0,6868,0,20250917,6854.7500,6854.7500,6854.7500,6854.7500,0,6854.75,0,20250918,6892.7500,6892.7500,6892.7500,6892.7500,0,6892.75,0,20250919,6923.0000,6923.0000,6923.0000,6923.0000,0,6923,0,20250922,6958.7500,6958.7500,6958.7500,6958.7500,0,6958.75,0,20250923,6918.0000,6918.0000,6918.0000,6918.0000,0,6918,0,20250924,6897.5000,6897.5000,6897.5000,6897.5000,0,6897.5,0,20250925,6870.7500,6870.7500,6870.7500,6870.7500,0,6870.75,0,20250926,6906.7500,6906.7500,6906.7500,6906.7500,0,6906.75,0,20250929,6924.0000,6924.0000,6924.0000,6924.0000,0,6924,0,20250930,6948.7500,6948.7500,6948.7500,6948.7500,0,6948.75,0,20251001,6968.2500,6968.2500,6968.2500,6968.2500,0,6968.25,0,20251002,6970.5000,6970.5000,6970.5000,6970.5000,0,6970.5,0,20251003,6971.0000,6971.0000,6971.0000,6971.0000,0,6971,0,20251006,6999.2500,6999.2500,6999.2500,6999.2500,0,6999.25,0,20251007,6968.5000,6968.5000,6968.5000,6968.5000,0,6968.5,0,20251008,7008.0000,7008.0000,7008.0000,7008.0000,0,7008,0,20251009,6987.7500,6987.7500,6987.7500,6987.7500,0,6987.75,0,20251010,6800.0000,6800.0000,6800.0000,6800.0000,1,6800,1,20251013,6890.7500,6890.7500,6890.7500,6890.7500,0,6890.75,0,20251014,6883.5000,6883.5000,6883.5000,6883.5000,0,6883.5,0,20251015,6913.5000,6913.5000,6913.5000,6913.5000,0,6913.5,0,20251016,6866.2500,6866.2500,6866.2500,6866.2500,0,6866.25,0,20251017,6900.2500,6900.2500,6900.2500,6900.2500,0,6900.25,0,20251020,6973.2500,6973.2500,6973.2500,6973.2500,0,6973.25,0,20251021,6973.2500,6973.2500,6973.2500,6973.2500,0,6973.25,0,20251022,6936.2500,6936.2500,6936.2500,6936.2500,0,6936.25,0,20251023,6976.0000,6976.0000,6976.0000,6976.0000,0,6976,0,20251024,7031.7500,7031.7500,7031.7500,7031.7500,0,7031.75,0,20251027,7122.2500,7122.2500,7122.2500,7122.2500,0,7122.25,0,20251028,7140.0000,7140.0000,7140.0000,7140.0000,0,7140,0,20251029,7137.0000,7137.0000,7137.0000,7137.0000,0,7137,0,20251030,7072.0000,7072.0000,7072.0000,7072.0000,0,7072,0,20251031,7091.0000,7091.0000,7091.0000,7091.0000,0,7091,0,20251103,7099.5000,7099.5000,7099.5000,7099.5000,0,7099.5,0,20251104,7014.0000,7014.0000,7014.0000,7014.0000,0,7014,0,20251105,7042.0000,7042.0000,7042.0000,7042.0000,0,7042,0,20251106,6956.0000,6956.0000,6956.0000,6956.0000,0,6956,0,20251107,6959.7500,6959.7500,6959.7500,6959.7500,0,6959.75,0,20251110,7068.2500,7068.2500,7068.2500,7068.2500,0,7068.25,0,20251111,7085.7500,7085.7500,7085.7500,7085.7500,0,7085.75,0,20251112,7090.5000,7090.5000,7090.5000,7090.5000,0,7090.5,0,20251113,6972.7500,6972.7500,6972.7500,6972.7500,0,6972.75,0,20251114,6966.0000,6966.0000,6966.0000,6966.0000,0,6966,0,20251117,6899.7500,6899.7500,6899.7500,6899.7500,0,6899.75,0,20251118,6800.0000,6840.7500,6800.0000,6840.7500,1,6800,1,20251119,6863.2500,6863.2500,6863.2500,6863.2500,0,6863.25,0,20251120,6756.5000,6756.5000,6756.5000,6756.5000,0,6756.5,0,20251121,6821.0000,6821.0000,6821.0000,6821.0000,0,6821,0,20251124,6924.5000,6924.5000,6924.5000,6924.5000,0,6924.5,0,20251125,6985.5000,6985.5000,6985.5000,6985.5000,0,6985.5,0,20251126,7034.5000,7034.5000,7034.5000,7034.5000,0,7034.5,0,20251128,7065.5000,7065.5000,7065.5000,7065.5000,0,7065.5,0,20251201,7032.0000,7032.0000,7032.0000,7032.0000,0,7032,0,20251202,7050.0000,7050.0000,7050.0000,7050.0000,0,7050,0,20251203,7067.2500,7067.2500,7067.2500,7067.2500,0,7067.25,0,20251204,7074.5000,7074.5000,7074.5000,7074.5000,0,7074.5,0,20251205,7089.5000,7089.5000,7089.5000,7089.5000,0,7089.5,0,20251208,7065.0000,7065.0000,7065.0000,7065.0000,0,7065,0,20251209,7060.7500,7060.7500,7060.7500,7060.7500,0,7060.75,0,20251210,7099.5000,7099.5000,7099.5000,7099.5000,0,7099.5,0,20251211,7119.2500,7119.2500,7119.2500,7119.2500,0,7119.25,0,20251212,7039.7500,7039.7500,7039.7500,7039.7500,0,7039.75,0,20251215,7030.0000,7030.0000,7030.0000,7030.0000,0,7030,0,20251216,6999.7500,6999.7500,6999.7500,6999.7500,0,6999.75,0,20251217,7000.0000,7000.0000,6925.7500,6925.7500,5,7000,1,20251218,6973.5000,6973.5000,6973.5000,6973.5000,0,6973.5,0,20251219,7031.0000,7031.0000,7031.0000,7031.0000,0,7031,0,20251222,7078.5000,7078.5000,7078.5000,7078.5000,0,7078.5,0,20251224,7132.5000,7132.5000,7132.5000,7132.5000,0,7132.5,0,20251226,7128.5000,7128.5000,7128.5000,7128.5000,0,7128.5,0,20251229,7102.7500,7102.7500,7102.7500,7102.7500,0,7102.75,0,20251230,7092.5000,7092.5000,7092.5000,7092.5000,0,7092.5,0,20251231,7038.7500,7038.7500,7038.7500,7038.7500,0,7038.75,0,20260102,7046.7500,7046.7500,7046.7500,7046.7500,0,7046.75,0,20260105,7091.5000,7091.5000,7091.5000,7091.5000,0,7091.5,0,20260106,7138.5000,7138.5000,7138.5000,7138.5000,0,7138.5,0,20260107,7109.7500,7109.7500,7109.7500,7109.7500,0,7109.75,0,20260108,7110.0000,7110.0000,7110.0000,7110.0000,0,7110,0,20260109,7157.7500,7157.7500,7157.7500,7157.7500,0,7157.75,0,20260112,7170.5000,7170.5000,7170.5000,7170.5000,0,7170.5,0,20260113,7155.7500,7155.7500,7155.7500,7155.7500,0,7155.75,0,20260114,7116.7500,7116.7500,7116.7500,7116.7500,0,7116.75,0,20260115,7136.7500,7136.7500,7136.7500,7136.7500,0,7136.75,0,20260116,7132.2500,7132.2500,7132.2500,7132.2500,0,7132.25,0,20260120,7045.0000,7045.0000,6980.0000,6980.0000,2,7045,1,20260121,7061.0000,7061.0000,7061.0000,7061.0000,0,7061,0,20260122,7101.0000,7101.0000,7101.0000,7101.0000,0,7101,0,20260123,7103.5000,7103.5000,7103.5000,7103.5000,0,7103.5,0,20260126,7138.0000,7138.0000,7138.0000,7138.0000,0,7138,0,20260127,7163.7500,7163.7500,7163.7500,7163.7500,0,7163.75,0,20260128,7168.5000,7168.5000,7168.5000,7168.5000,0,7168.5,0,20260129,7148.0000,7148.0000,7148.0000,7148.0000,0,7148,0,20260130,7121.0000,7121.0000,7121.0000,7121.0000,0,7121,0,20260202,7157.7500,7157.7500,7157.7500,7157.7500,0,7157.75,0,20260203,7095.5000,7095.5000,7095.5000,7095.5000,0,7095.5,0,20260204,7050.0000,7059.2500,7050.0000,7059.2500,1,7050,1,20260205,6967.7500,6967.7500,6967.7500,6967.7500,0,6967.75,0,20260206,7050.0000,7104.7500,7023.2500,7104.7500,2,7036.625,2,20260209,7134.5000,7134.5000,7134.5000,7134.5000,0,7134.5,0,20260210,7108.2500,7108.2500,7108.2500,7108.2500,0,7108.25,0,20260211,7113.0000,7113.0000,7113.0000,7113.0000,0,7113,0,20260212,6999.2500,6999.2500,6999.2500,6999.2500,0,6999.25,0,20260213,6996.0000,6996.0000,6996.0000,6996.0000,0,6996,0,20260217,7010.2500,7010.2500,7010.2500,7010.2500,0,7010.25,0,20260218,7043.7500,7043.7500,7043.7500,7043.7500,0,7043.75,0,20260219,7027.2500,7027.2500,7027.2500,7027.2500,0,7027.25,0,20260220,7073.5000,7073.5000,7073.5000,7073.5000,0,7073.5,0,20260223,7000.0000,7000.0000,7000.0000,7000.0000,0,7000,0,20260224,7054.5000,7054.5000,7054.5000,7054.5000,0,7054.5,0,20260225,7111.5000,7111.5000,7111.5000,7111.5000,0,7111.5,0,20260226,7071.5000,7071.5000,7071.5000,7071.5000,0,7071.5,0,20260227,7041.7500,7041.7500,7041.7500,7041.7500,0,7041.75,0,20260302,7041.0000,7041.0000,7041.0000,7041.0000,0,7041,0,20260303,6890.0000,6974.0000,6890.0000,6974.0000,1,6890,1,20260304,7029.2500,7029.2500,7029.2500,7029.2500,0,7029.25,0,20260305,6950.0000,6986.7500,6950.0000,6986.7500,1,6950,1,20260306,6920.0000,6920.0000,6891.2500,6891.2500,1,6920,1,20260309,6948.7500,6948.7500,6948.7500,6948.7500,0,6948.75,0,20260310,6936.5000,6936.5000,6936.5000,6936.5000,0,6936.5,0,20260311,6930.5000,6930.5000,6930.5000,6930.5000,0,6930.5,0,20260312,6833.5000,6833.5000,6827.2500,6827.2500,1,6833.5,1,20260313,6800.0000,6800.0000,6783.7500,6783.7500,5,6799.4,4,20260316,6845.0000,6863.0000,6845.0000,6855.2500,5,6850.6,5,20260317,6873.0000,6873.0000,6873.0000,6873.0000,0,6873,0,20260318,6816.0000,6835.0000,6779.0000,6779.0000,26,6834.275,19,20260319,6761.7500,6761.7500,6761.7500,6761.7500,0,6761.75,0,20260320,6660.7500,6660.7500,6660.7500,6660.7500,0,6660.75,0,20260323,6780.0000,6780.0000,6737.0000,6737.0000,2,6780,2,20260324,6710.2500,6710.2500,6710.2500,6710.2500,0,6710.25,0,20260325,6743.2500,6743.2500,6743.2500,6743.2500,0,6743.25,0,20260326,6660.0000,6660.0000,6629.7500,6629.7500,3,6655,3,20260327,6580.0000,6580.0000,6514.0000,6514.0000,1,6580,1,20260330,6484.0000,6484.0000,6484.0000,6484.0000,0,6484,0,20260331,6573.0000,6669.5000,6573.0000,6669.5000,1,6573,1,20260401,6743.7500,6743.7500,6719.0000,6719.0000,1,6743.75,1,20260402,6670.0000,6722.0000,6670.0000,6722.0000,2,6670,1,20260406,6751.7500,6756.0000,6740.2500,6756.0000,7,6743.575,7,20260407,6702.7500,6755.0000,6702.5000,6755.0000,3,6704,3,20260408,6900.0000,6929.5000,6900.0000,6929.5000,3,6903.925,3,20260409,6914.7500,6973.7500,6914.7500,6971.0000,2,6944.25,2,20260410,6962.5000,6962.5000,6962.5000,6962.5000,0,6962.5,0,20260413,7028.0000,7032.0000,7028.0000,7032.0000,1,7028,1,20260414,7103.0000,7116.0000,7103.0000,7116.0000,9,7108.45,8,20260415,7120.2500,7172.2500,7120.2500,7172.2500,4,7140.075,3,20260416,7201.5000,7201.5000,7180.0000,7189.7500,5,7190.6,4,20260417,7295.7500,7295.7500,7264.2500,7273.7500,12,7277.95,6,20260420,7249.0000,7260.2500,7249.0000,7260.2500,1,7249,1,20260421,7264.5000,7264.5000,7212.2500,7212.2500,4,7240.95,4,20260422,7276.0000,7284.2500,7266.2500,7284.2500,13,7270.925,13,20260423,7272.7500,7285.7500,7216.0000,7255.0000,9,7263.15,9,20260424,7295.2500,7308.0000,7295.2500,7306.5000,14,7304.975,7,20260427,7292.5000,7317.5000,7290.5000,7317.5000,4,7301.375,4,20260428,7284.2500,7285.5000,7265.5000,7282.0000,14,7278.975,14,20260429,7265.5000,7284.0000,7255.0000,7279.0000,18,7270.625,17,20260430,7316.0000,7358.5000,7316.0000,7356.2500,4,7345.625,4,20260501,7407.0000,7411.5000,7362.0000,7371.7500,27,7384.25,20,20260504,7367.0000,7385.7500,7318.0000,7343.0000,7,7351.075,7,20260505,7385.0000,7417.0000,7383.0000,7400.7500,14,7394.725,11,20260506,7478.0000,7508.7500,7477.0000,7504.2500,8,7489.35,8,20260507,7507.0000,7522.0000,7475.0000,7477.7500,17,7493,17,20260508,7520.0000,7538.2500,7520.0000,7535.2500,4,7528.7,4,20260511,7537.5000,7569.0000,7537.5000,7554.2500,18,7553.5,16,20260512,7527.7500,7547.0000,7496.5000,7544.2500,9,7528.05,8,20260513,7530.2500,7600.0000,7530.2500,7588.7500,24,7567.525,19,20260514,7620.0000,7652.5000,7617.7500,7646.5000,20,7638,19,20260515,7579.2500,7585.0000,7552.0000,7552.0000,10,7569.1,10,20260518,7543.0000,7546.5000,7494.2500,7545.7500,20,7531.5,15,20260519,7486.0000,7530.0000,7486.0000,7497.2500,19,7491.75,15,20260520,7512.2500,7573.0000,7512.0000,7573.0000,39,7525.2,25,20260521,7553.2500,7587.2500,7539.0000,7586.5000,6,7551.175,5,20260522,7627.7500,7645.7500,7614.0000,7614.5000,27,7632.925,15,20260526,7670.5000,7678.0000,7656.0000,7660.7500,18,7662,14,20260527,7666.5000,7666.5000,7648.0000,7665.0000,7,7662.225,3,20260528,7652.0000,7716.0000,7652.0000,7708.5000,22,7697.425,19,20260529,7727.0000,7736.0000,7708.7500,7721.7500,44,7722.325,28,20260601,7720.0000,7751.7500,7708.2500,7739.5000,51,7726.975,24,20260602,7729.0000,7758.0000,7729.0000,7750.2500,21,7746,18,20260603,7728.0000,7728.0000,7671.0000,7699.2500,35,7698.75,27,20260604,7672.7500,7738.0000,7672.0000,7730.0000,33,7707.95,30,20260605,7660.0000,7661.2500,7493.0000,7526.7500,55,7585.6,48,20260608,7590.0000,7602.5000,7538.0000,7543.2500,70,7568.825,53,20260609,7589.7500,7616.0000,7374.0000,7517.7500,196,7469.25,145,20260610,7474.5000,7528.5000,7387.5000,7402.7500,54,7449.25,47,20260611,7418.0000,7543.2500,7390.0000,7521.2500,138,7464.1,98,20260612,7549.5000,7588.0000,7496.0000,7561.2500,125,7546.975,88,20260615,7665.5000,7712.2500,7665.5000,7691.2500,57,7693,38,20260616,7700.0000,7700.0000,7650.0000,7652.5000,106,7670.725,85,20260617,7653.5000,7662.0000,7543.0000,7560.0000,266,7595.175,207,20260618,7647.2500,7650.2500,7604.2500,7639.7500,412,7631.35,345,20260622,7641.5000,7664.5000,7597.2500,7610.7500,539,7622.225,432,20260623,7492.2500,7555.5000,7485.0000,7505.7500,407,7520.125,355,20260624,7515.7500,7565.5000,7473.5000,7496.2500,669,7516.95,561,20260625,7557.7500,7558.0000,7458.2500,7491.2500,892,7505.475,744,20260626,7444.7500,7525.0000,7430.2500,7468.5000,793,7482.525,623,20260629,7518.7500,7569.7500,7477.2500,7567.7500,315,7528.3,266,20260630,7569.0000,7635.0000,7567.7500,7616.2500,282,7609.375,207,20260701,7598.2500,7646.2500,7576.2500,7610.5000,296,7614.55,242,20260702,7624.5000,7660.5000,7546.2500,7594.5000,550,7598.8,467,20260706,7631.2500,7669.0000,7625.7500,7658.5000,359,7646.95,288,20260707,7644.5000,7651.5000,7599.7500,7618.5000,482,7626,248,20260708,7575.0000,7600.7500,7537.7500,7595.2500,268,7576.225,246,20260709,7613.0000,7661.5000,7596.0000,7655.5000,214,7642.625,172,20260710,7660.5000,7694.2500,7621.5000,7688.2500,446,7661.475,355,20260713,7665.0000,7676.5000,7618.0000,7631.0000,415,7645.075,351,20260714,7643.0000,7667.7500,7625.0000,7658.7500,302,7652.6,279,20260715,7681.7500,7691.5000,7640.7500,7682.0000,497,7672.05,392,20260716,7665.0000,7682.0000,7616.0000,7644.7500,694,7658.25,451,20260717,7552.5000,7605.0000,7540.7500,7564.5000,658,7581.025,494,20260720,7605.2500,7618.0000,7544.0000,7551.2500,313,7577.8,245,20260721,7594.7500,7621.2500,7574.2500,7613.5000,269,7602.75,242,20260722,7596.0000,7630.7500,7595.0000,7608.2500,262,7613.275,236,20260723,7518.5000,7548.2500,7479.0000,7511.7500,567,7513.725,444,20260724,7513.7500,7562.5000,7498.2500,7514.2500,738,7526.825,517,20260727,7575.7500,7580.7500,7483.5000,7515.0000,849,7510.8,462,20260728,7517.2500,7551.0000,7484.0000,7532.0000,395,7523.575,341,20260729,7517.7500,7546.7500,7386.0000,7415.2500,1128,7459.925,934,20260730,7480.0000,7557.0000,7464.7500,7537.2500,701,7504.35,560,20260731,7565.0000,7607.2500,7492.7500,7585.2500,722,7551.95,601,20260803,7610.0000,7704.7500,7610.0000,7695.7500,443,7673.5,314,20260804,7725.5000,7853.7500,7723.7500,7834.7500,1537,7774.75,887,20260805,7880.0000,7888.2500,7816.2500,7818.2500,693,7848.4,519,20260806,7819.5000,7841.7500,7792.7500,7803.2500,358,7812,337,20260807,7823.0000,7854.7500,7811.5000,7848.0000,475,7837.625,293,20260810,7850.0000,7865.2500,7832.7500,7845.2500,171,7848,146,20260811,7857.5000,7857.5000,7807.0000,7815.0000,343,7832.9,223,20260812,7860.0000,7860.0000,7825.0000,7837.0000,224,7838.725,181,20260813,7860.0000,7904.0000,7855.7500,7889.2500,420,7884.1,315,20260814,7893.7500,7895.5000,7865.0000,7871.7500,806,7872.35,317,20260817,7869.7500,7875.0000,7830.5000,7835.2500,1347,7857.775,713,20260818,7792.5000,7800.2500,7777.0000,7780.0000,739,7788.675,607,20260819,7809.2500,7830.2500,7787.0000,7795.0000,754,7806.45,633,20260820,7765.2500,7785.0000,7724.0000,7728.0000,641,7753.725,501,20260821,7762.0000,7779.0000,7742.7500,7757.2500,477,7760.125,377,20260824,7748.0000,7752.0000,7721.2500,7736.0000,1125,7737.475,591,20260825,7760.5000,7766.7500,7730.7500,7758.2500,800,7753.875,423,20260826,7746.0000,7776.5000,7738.0000,7756.7500,489,7757.65,397,20260827,7784.0000,7822.0000,7770.0000,7809.7500,803,7797.325,585,20260828,7813.2500,7850.7500,7780.0000,7790.0000,1243,7810.05,930,20260831,7768.7500,7775.0000,7743.0000,7766.7500,1440,7757.375,1045,20260901,7713.5000,7740.5000,7688.0000,7709.5000,1958,7716.7,1325,20260902,7717.7500,7757.0000,7710.2500,7743.5000,2360,7740.15,1747,20260903,7772.7500,7833.5000,7767.0000,7822.0000,3699,7806.225,2580,20260904,7810.0000,7818.0000,7779.0000,7789.2500,3952,7791.95,3177,20260908,7779.0000,7784.5000,7740.0000,7747.2500,8768,7759.325,6643,20260909,7727.2500,7731.2500,7694.0000,7709.5000,7542,7713.75,4883,20260910,7664.5000,7685.2500,7650.7500,7664.5000,46379,7668.25,26867,20260911,7732.2500,7749.7500,7720.7500,7740.0000,44647,7736.925,27044
Log attributes reset
{'component': 'parquetFuturesContractPriceData', 'instrument_code': 'SP500', 'contract_date': '20261200'} Wrote 255 lines of prices for SP500/20261200 at Frequency.Day to parquetFuturesContractPriceData
{'component': 'parquetFuturesContractPriceData'} Added 3 additional rows of data
Added 3 rows at frequency Frequency.Day for SP500/20261200
{'component': 'parquetFuturesContractPriceData', 'instrument_code': 'SP500', 'contract_date': '20261200'} Wrote 255 lines of prices for SP500/20261200 at Frequency.Mixed to parquetFuturesContractPriceData
>>> 9,8,9,0,ES,FUT,202703,0.0,,50,CME,,,,,0,,,
<<< 10,9,ES,FUT,20270319 08:30:00 US/Central,0,,CME,USD,ESH7,ES,ES,649180684,0.25,50,ACTIVETIM,AD,ADJUST,ALERT,ALGO,ALLOC,AVGCOST,BASKET,BENCHPX,COND,CONDORDER,DAY,DEACT,DEACTDIS,DEACTEOD,GAT,GTC,GTD,GTT,HID,ICE,IOC,LIT,LMT,LTH,MIT,MKT,MTL,NGCOMB,NONALGO,OCA,PEGBENCH,SCALE,SCALERST,SNAPMID,SNAPMKT,SNAPREL,STP,STPLMT,TRAIL,TRAILLIT,TRAILLMT,TRAILMIT,WHATIF,CME,QBALGO,1,11004968,E-mini S&P 500,,202703,,,,US/Central,20260910:1700-20260911:1600;20260912:CLOSED;20260913:1700-20260914:1600;20260914:1700-20260915:1600;20260915:1700-20260916:1600;20260916:1700-20260917:1600,20260911:0830-20260911:1600;20260912:CLOSED;20260913:CLOSED;20260914:0830-20260914:1600;20260915:0830-20260915:1600;20260916:0830-20260916:1600;20260916:1700-20260917:1600,,,0,2147483647,ES,IND,67,67,20270319,,1,1,1
<<< 52,1,9
{'instrument_code': 'SP500', 'contract_date': '20270300'} Updating log attributes
>>> 9,8,10,0,ES,FUT,202703,0.0,,50,CME,,,,,0,,,
<<< 10,10,ES,FUT,20270319 08:30:00 US/Central,0,,CME,USD,ESH7,ES,ES,649180684,0.25,50,ACTIVETIM,AD,ADJUST,ALERT,ALGO,ALLOC,AVGCOST,BASKET,BENCHPX,COND,CONDORDER,DAY,DEACT,DEACTDIS,DEACTEOD,GAT,GTC,GTD,GTT,HID,ICE,IOC,LIT,LMT,LTH,MIT,MKT,MTL,NGCOMB,NONALGO,OCA,PEGBENCH,SCALE,SCALERST,SNAPMID,SNAPMKT,SNAPREL,STP,STPLMT,TRAIL,TRAILLIT,TRAILLMT,TRAILMIT,WHATIF,CME,QBALGO,1,11004968,E-mini S&P 500,,202703,,,,US/Central,20260910:1700-20260911:1600;20260912:CLOSED;20260913:1700-20260914:1600;20260914:1700-20260915:1600;20260915:1700-20260916:1600;20260916:1700-20260917:1600,20260911:0830-20260911:1600;20260912:CLOSED;20260913:CLOSED;20260914:0830-20260914:1600;20260915:0830-20260915:1600;20260916:0830-20260916:1600;20260916:1700-20260917:1600,,,0,2147483647,ES,IND,67,67,20270319,,1,1,1
<<< 52,1,10
{'instrument_code': 'SP500', 'contract_date': '20270300'} Pausing 0.413607 seconds to avoid pacing violation
>>> 59,1,3
>>> 20,11,649180684,ES,FUT,20270319,0.0,,50,CME,,USD,ESH7,ES,0,,1 day,1 Y,1,TRADES,2,0,
<<< 17,11,20250911 11:35:57 US/Central,20260911 11:35:57 US/Central,250,20250912,6894.5000,6894.5000,6894.5000,6894.5000,0,6894.5,0,20250915,6930.5000,6930.5000,6930.5000,6930.5000,0,6930.5,0,20250916,6917.2500,6917.2500,6917.2500,6917.2500,0,6917.25,0,20250917,6904.0000,6904.0000,6904.0000,6904.0000,0,6904,0,20250918,6947.0000,6947.0000,6947.0000,6947.0000,0,6947,0,20250919,6982.2500,6982.2500,6982.2500,6982.2500,0,6982.25,0,20250922,7018.0000,7018.0000,7018.0000,7018.0000,0,7018,0,20250923,6969.2500,6969.2500,6969.2500,6969.2500,0,6969.25,0,20250924,6948.7500,6948.7500,6948.7500,6948.7500,0,6948.75,0,20250925,6922.0000,6922.0000,6922.0000,6922.0000,0,6922,0,20250926,6958.0000,6958.0000,6958.0000,6958.0000,0,6958,0,20250929,6975.2500,6975.2500,6975.2500,6975.2500,0,6975.25,0,20250930,7000.0000,7000.0000,7000.0000,7000.0000,0,7000,0,20251001,7016.5000,7016.5000,7016.5000,7016.5000,0,7016.5,0,20251002,7018.7500,7018.7500,7018.7500,7018.7500,0,7018.75,0,20251003,7021.2500,7021.2500,7021.2500,7021.2500,0,7021.25,0,20251006,7049.5000,7049.5000,7049.5000,7049.5000,0,7049.5,0,20251007,7016.7500,7016.7500,7016.7500,7016.7500,0,7016.75,0,20251008,7061.2500,7061.2500,7061.2500,7061.2500,0,7061.25,0,20251009,7041.0000,7041.0000,7041.0000,7041.0000,0,7041,0,20251010,6853.2500,6853.2500,6853.2500,6853.2500,0,6853.25,0,20251013,6940.0000,6940.0000,6940.0000,6940.0000,0,6940,0,20251014,6932.2500,6932.2500,6932.2500,6932.2500,0,6932.25,0,20251015,6962.2500,6962.2500,6962.2500,6962.2500,0,6962.25,0,20251016,6906.0000,6906.0000,6906.0000,6906.0000,0,6906,0,20251017,6945.0000,6945.0000,6945.0000,6945.0000,0,6945,0,20251020,7018.0000,7018.0000,7018.0000,7018.0000,0,7018,0,20251021,7023.0000,7023.0000,7023.0000,7023.0000,0,7023,0,20251022,6986.0000,6986.0000,6986.0000,6986.0000,0,6986,0,20251023,7028.7500,7028.7500,7028.7500,7028.7500,0,7028.75,0,20251024,7084.5000,7084.5000,7084.5000,7084.5000,0,7084.5,0,20251027,7175.0000,7175.0000,7175.0000,7175.0000,0,7175,0,20251028,7189.7500,7189.7500,7189.7500,7189.7500,0,7189.75,0,20251029,7190.5000,7190.5000,7190.5000,7190.5000,0,7190.5,0,20251030,7125.5000,7125.5000,7125.5000,7125.5000,0,7125.5,0,20251031,7144.5000,7144.5000,7144.5000,7144.5000,0,7144.5,0,20251103,7153.0000,7153.0000,7153.0000,7153.0000,0,7153,0,20251104,7067.5000,7067.5000,7067.5000,7067.5000,0,7067.5,0,20251105,7095.5000,7095.5000,7095.5000,7095.5000,0,7095.5,0,20251106,7009.5000,7009.5000,7009.5000,7009.5000,0,7009.5,0,20251107,7013.2500,7013.2500,7013.2500,7013.2500,0,7013.25,0,20251110,7121.7500,7121.7500,7121.7500,7121.7500,0,7121.75,0,20251111,7139.2500,7139.2500,7139.2500,7139.2500,0,7139.25,0,20251112,7145.2500,7145.2500,7145.2500,7145.2500,0,7145.25,0,20251113,7027.5000,7027.5000,7027.5000,7027.5000,0,7027.5,0,20251114,7020.7500,7020.7500,7020.7500,7020.7500,0,7020.75,0,20251117,6954.5000,6954.5000,6954.5000,6954.5000,0,6954.5,0,20251118,6890.0000,6890.0000,6890.0000,6890.0000,0,6890,0,20251119,6912.5000,6912.5000,6912.5000,6912.5000,0,6912.5,0,20251120,6803.0000,6803.0000,6803.0000,6803.0000,0,6803,0,20251121,6868.0000,6868.0000,6868.0000,6868.0000,0,6868,0,20251124,6974.2500,6974.2500,6974.2500,6974.2500,0,6974.25,0,20251125,7035.0000,7035.0000,7035.0000,7035.0000,0,7035,0,20251126,7085.0000,7085.0000,7085.0000,7085.0000,0,7085,0,20251128,7116.0000,7116.0000,7116.0000,7116.0000,0,7116,0,20251201,7082.5000,7082.5000,7082.5000,7082.5000,0,7082.5,0,20251202,7103.7500,7103.7500,7103.7500,7103.7500,0,7103.75,0,20251203,7121.0000,7121.0000,7121.0000,7121.0000,0,7121,0,20251204,7128.2500,7128.2500,7128.2500,7128.2500,0,7128.25,0,20251205,7143.2500,7143.2500,7143.2500,7143.2500,0,7143.25,0,20251208,7118.7500,7118.7500,7118.7500,7118.7500,0,7118.75,0,20251209,7114.5000,7114.5000,7114.5000,7114.5000,0,7114.5,0,20251210,7153.2500,7153.2500,7153.2500,7153.2500,0,7153.25,0,20251211,7173.0000,7173.0000,7173.0000,7173.0000,0,7173,0,20251212,7093.5000,7093.5000,7093.5000,7093.5000,0,7093.5,0,20251215,7080.0000,7080.0000,7080.0000,7080.0000,0,7080,0,20251216,7047.7500,7047.7500,7047.7500,7047.7500,0,7047.75,0,20251217,6973.7500,6973.7500,6973.7500,6973.7500,0,6973.75,0,20251218,7021.5000,7021.5000,7021.5000,7021.5000,0,7021.5,0,20251219,7080.2500,7080.2500,7080.2500,7080.2500,0,7080.25,0,20251222,7128.5000,7128.5000,7128.5000,7128.5000,0,7128.5,0,20251224,7183.2500,7183.2500,7183.2500,7183.2500,0,7183.25,0,20251226,7178.2500,7178.2500,7178.2500,7178.2500,0,7178.25,0,20251229,7151.7500,7151.7500,7151.7500,7151.7500,0,7151.75,0,20251230,7142.2500,7142.2500,7142.2500,7142.2500,0,7142.25,0,20251231,7088.2500,7088.2500,7088.2500,7088.2500,0,7088.25,0,20260102,7095.5000,7095.5000,7095.5000,7095.5000,0,7095.5,0,20260105,7140.0000,7140.0000,7140.0000,7140.0000,0,7140,0,20260106,7187.7500,7187.7500,7187.7500,7187.7500,0,7187.75,0,20260107,7159.0000,7159.0000,7159.0000,7159.0000,0,7159,0,20260108,7160.5000,7160.5000,7160.5000,7160.5000,0,7160.5,0,20260109,7210.2500,7210.2500,7210.2500,7210.2500,0,7210.25,0,20260112,7223.0000,7223.0000,7223.0000,7223.0000,0,7223,0,20260113,7208.2500,7208.2500,7208.2500,7208.2500,0,7208.25,0,20260114,7169.2500,7169.2500,7169.2500,7169.2500,0,7169.25,0,20260115,7189.2500,7189.2500,7189.2500,7189.2500,0,7189.25,0,20260116,7184.7500,7184.7500,7184.7500,7184.7500,0,7184.75,0,20260120,7033.2500,7033.2500,7033.2500,7033.2500,0,7033.25,0,20260121,7114.2500,7114.2500,7114.2500,7114.2500,0,7114.25,0,20260122,7154.2500,7154.2500,7154.2500,7154.2500,0,7154.25,0,20260123,7156.7500,7156.7500,7156.7500,7156.7500,0,7156.75,0,20260126,7192.0000,7192.0000,7192.0000,7192.0000,0,7192,0,20260127,7218.7500,7218.7500,7218.7500,7218.7500,0,7218.75,0,20260128,7223.5000,7223.5000,7223.5000,7223.5000,0,7223.5,0,20260129,7203.0000,7203.0000,7203.0000,7203.0000,0,7203,0,20260130,7176.0000,7176.0000,7176.0000,7176.0000,0,7176,0,20260202,7212.7500,7212.7500,7212.7500,7212.7500,0,7212.75,0,20260203,7149.5000,7149.5000,7149.5000,7149.5000,0,7149.5,0,20260204,7113.2500,7113.2500,7113.2500,7113.2500,0,7113.25,0,20260205,7018.0000,7018.0000,7018.0000,7018.0000,0,7018,0,20260206,7155.7500,7155.7500,7155.7500,7155.7500,0,7155.75,0,20260209,7187.2500,7187.2500,7187.2500,7187.2500,0,7187.25,0,20260210,7161.0000,7161.0000,7161.0000,7161.0000,0,7161,0,20260211,7165.7500,7165.7500,7165.7500,7165.7500,0,7165.75,0,20260212,7051.0000,7051.0000,7051.0000,7051.0000,0,7051,0,20260213,7044.2500,7044.2500,7044.2500,7044.2500,0,7044.25,0,20260217,7058.5000,7058.5000,7058.5000,7058.5000,0,7058.5,0,20260218,7092.0000,7092.0000,7092.0000,7092.0000,0,7092,0,20260219,7077.2500,7077.2500,7077.2500,7077.2500,0,7077.25,0,20260220,7123.5000,7123.5000,7123.5000,7123.5000,0,7123.5,0,20260223,7050.0000,7050.0000,7050.0000,7050.0000,0,7050,0,20260224,7104.5000,7104.5000,7104.5000,7104.5000,0,7104.5,0,20260225,7161.5000,7161.5000,7161.5000,7161.5000,0,7161.5,0,20260226,7121.5000,7121.5000,7121.5000,7121.5000,0,7121.5,0,20260227,7087.5000,7087.5000,7087.5000,7087.5000,0,7087.5,0,20260302,7089.7500,7089.7500,7089.7500,7089.7500,0,7089.75,0,20260303,7023.7500,7023.7500,7023.7500,7023.7500,0,7023.75,0,20260304,7082.2500,7082.2500,7082.2500,7082.2500,0,7082.25,0,20260305,7039.7500,7039.7500,7039.7500,7039.7500,0,7039.75,0,20260306,6939.2500,6939.2500,6939.2500,6939.2500,0,6939.25,0,20260309,7000.7500,7000.7500,7000.7500,7000.7500,0,7000.75,0,20260310,6988.5000,6988.5000,6988.5000,6988.5000,0,6988.5,0,20260311,6981.0000,6981.0000,6981.0000,6981.0000,0,6981,0,20260312,6880.7500,6880.7500,6880.7500,6880.7500,0,6880.75,0,20260313,6835.0000,6835.0000,6835.0000,6835.0000,0,6835,0,20260316,6928.7500,6928.7500,6906.5000,6906.5000,1,6928.75,1,20260317,6932.0000,6932.0000,6927.0000,6927.0000,1,6932,1,20260318,6833.0000,6833.0000,6833.0000,6833.0000,0,6833,0,20260319,6775.0000,6815.7500,6775.0000,6815.7500,1,6775,1,20260320,6716.7500,6716.7500,6716.7500,6716.7500,0,6716.75,0,20260323,6794.0000,6794.0000,6794.0000,6794.0000,0,6794,0,20260324,6767.2500,6767.2500,6767.2500,6767.2500,0,6767.25,0,20260325,6801.0000,6801.0000,6801.0000,6801.0000,0,6801,0,20260326,6688.0000,6688.0000,6688.0000,6688.0000,0,6688,0,20260327,6565.7500,6565.7500,6565.7500,6565.7500,0,6565.75,0,20260330,6536.5000,6536.5000,6536.5000,6536.5000,0,6536.5,0,20260331,6724.7500,6724.7500,6724.7500,6724.7500,0,6724.75,0,20260401,6774.5000,6774.5000,6774.5000,6774.5000,0,6774.5,0,20260402,6778.2500,6778.2500,6778.2500,6778.2500,0,6778.25,0,20260406,6813.7500,6813.7500,6813.7500,6813.7500,0,6813.75,0,20260407,6812.7500,6812.7500,6812.7500,6812.7500,0,6812.75,0,20260408,6988.0000,6988.0000,6988.0000,6988.0000,0,6988,0,20260409,7029.0000,7029.0000,7029.0000,7029.0000,0,7029,0,20260410,7021.7500,7021.7500,7021.7500,7021.7500,0,7021.75,0,20260413,7089.0000,7089.0000,7089.0000,7089.0000,0,7089,0,20260414,7175.5000,7175.5000,7175.5000,7175.5000,0,7175.5,0,20260415,7232.0000,7232.0000,7232.0000,7232.0000,0,7232,0,20260416,7248.5000,7248.5000,7248.5000,7248.5000,0,7248.5,0,20260417,7332.7500,7332.7500,7332.7500,7332.7500,0,7332.75,0,20260420,7317.2500,7317.2500,7317.2500,7317.2500,0,7317.25,0,20260421,7272.5000,7272.5000,7272.5000,7272.5000,0,7272.5,0,20260422,7346.2500,7346.2500,7346.2500,7346.2500,0,7346.25,0,20260423,7315.5000,7315.5000,7315.5000,7315.5000,0,7315.5,0,20260424,7366.0000,7366.0000,7366.0000,7366.0000,0,7366,0,20260427,7379.2500,7379.2500,7379.2500,7379.2500,0,7379.25,0,20260428,7342.2500,7342.2500,7342.2500,7342.2500,0,7342.25,0,20260429,7341.0000,7341.0000,7341.0000,7341.0000,0,7341,0,20260430,7420.5000,7420.5000,7420.5000,7420.5000,0,7420.5,0,20260501,7434.0000,7434.0000,7434.0000,7434.0000,0,7434,0,20260504,7407.5000,7407.5000,7407.5000,7407.5000,0,7407.5,0,20260505,7449.5000,7466.0000,7449.5000,7466.0000,1,7449.5,1,20260506,7566.2500,7566.2500,7566.2500,7566.2500,0,7566.25,0,20260507,7543.0000,7543.0000,7543.0000,7543.0000,0,7543,0,20260508,7600.5000,7600.5000,7600.5000,7600.5000,0,7600.5,0,20260511,7620.5000,7620.5000,7620.5000,7620.5000,0,7620.5,0,20260512,7611.5000,7611.5000,7611.5000,7611.5000,0,7611.5,0,20260513,7655.0000,7655.0000,7655.0000,7655.0000,0,7655,0,20260514,7715.5000,7715.5000,7715.5000,7715.5000,0,7715.5,0,20260515,7620.2500,7620.2500,7620.2500,7620.2500,0,7620.25,0,20260518,7607.0000,7613.5000,7607.0000,7613.5000,1,7607,1,20260519,7565.7500,7565.7500,7565.7500,7565.7500,0,7565.75,0,20260520,7642.5000,7642.5000,7642.5000,7642.5000,0,7642.5,0,20260521,7657.0000,7657.0000,7657.0000,7657.0000,0,7657,0,20260522,7687.0000,7687.0000,7687.0000,7687.0000,0,7687,0,20260526,7734.2500,7734.2500,7734.2500,7734.2500,0,7734.25,0,20260527,7736.7500,7736.7500,7736.7500,7736.7500,0,7736.75,0,20260528,7774.7500,7781.2500,7774.7500,7781.2500,1,7774.75,1,20260529,7794.7500,7794.7500,7794.7500,7794.7500,0,7794.75,0,20260601,7812.2500,7812.2500,7812.2500,7812.2500,0,7812.25,0,20260602,7822.5000,7822.5000,7822.5000,7822.5000,0,7822.5,0,20260603,7771.5000,7771.5000,7771.5000,7771.5000,0,7771.5,0,20260604,7747.0000,7803.2500,7747.0000,7803.2500,1,7747,1,20260605,7701.0000,7701.0000,7598.5000,7598.5000,2,7700.5,2,20260608,7615.0000,7615.0000,7615.0000,7615.0000,0,7615,0,20260609,7592.2500,7592.2500,7592.2500,7592.2500,0,7592.25,0,20260610,7471.2500,7471.2500,7471.2500,7471.2500,0,7471.25,0,20260611,7592.0000,7592.0000,7592.0000,7592.0000,0,7592,0,20260612,7633.2500,7633.2500,7633.2500,7633.2500,0,7633.25,0,20260615,7761.2500,7761.2500,7761.2500,7761.2500,0,7761.25,0,20260616,7723.5000,7723.5000,7723.5000,7723.5000,0,7723.5,0,20260617,7637.0000,7637.0000,7637.0000,7637.0000,0,7637,0,20260618,7713.7500,7713.7500,7713.7500,7713.7500,0,7713.75,0,20260622,7689.2500,7689.2500,7689.2500,7689.2500,0,7689.25,0,20260623,7582.5000,7582.5000,7582.5000,7582.5000,0,7582.5,0,20260624,7640.0000,7640.0000,7573.2500,7573.2500,1,7640,1,20260625,7567.7500,7567.7500,7567.7500,7567.7500,0,7567.75,0,20260626,7542.5000,7542.5000,7542.5000,7542.5000,0,7542.5,0,20260629,7641.2500,7641.2500,7641.2500,7641.2500,0,7641.25,0,20260630,7670.0000,7690.0000,7670.0000,7690.0000,1,7670,1,20260701,7688.2500,7688.2500,7688.2500,7688.2500,0,7688.25,0,20260702,7668.7500,7668.7500,7668.7500,7668.7500,0,7668.75,0,20260706,7734.7500,7734.7500,7734.7500,7734.7500,0,7734.75,0,20260707,7695.7500,7695.7500,7695.7500,7695.7500,0,7695.75,0,20260708,7672.7500,7672.7500,7672.7500,7672.7500,0,7672.75,0,20260709,7734.0000,7734.0000,7734.0000,7734.0000,0,7734,0,20260710,7765.7500,7765.7500,7765.7500,7765.7500,0,7765.75,0,20260713,7710.5000,7710.5000,7710.5000,7710.5000,0,7710.5,0,20260714,7737.0000,7737.0000,7737.0000,7737.0000,0,7737,0,20260715,7761.5000,7761.5000,7761.5000,7761.5000,0,7761.5,0,20260716,7719.2500,7719.2500,7719.2500,7719.2500,0,7719.25,0,20260717,7640.5000,7640.5000,7640.5000,7640.5000,0,7640.5,0,20260720,7650.0000,7672.0000,7628.7500,7628.7500,7,7657.85,6,20260721,7691.7500,7691.7500,7691.7500,7691.7500,0,7691.75,0,20260722,7685.0000,7685.0000,7685.0000,7685.0000,0,7685,0,20260723,7614.0000,7614.0000,7580.0000,7588.7500,5,7596.55,5,20260724,7591.0000,7591.0000,7591.0000,7591.0000,0,7591,0,20260727,7609.7500,7609.7500,7590.0000,7591.2500,2,7599.875,2,20260728,7600.0000,7607.7500,7600.0000,7607.7500,1,7600,1,20260729,7576.0000,7576.0000,7489.5000,7489.5000,2,7563,2,20260730,7563.0000,7618.0000,7563.0000,7612.2500,2,7590.5,2,20260731,7595.0000,7666.0000,7595.0000,7661.7500,6,7641.2,6,20260803,7716.0000,7780.2500,7711.5000,7773.0000,10,7755.275,10,20260804,7810.0000,7920.0000,7810.0000,7911.7500,7,7888.975,7,20260805,7956.7500,7956.7500,7894.7500,7894.7500,9,7926,8,20260806,7881.5000,7881.5000,7881.5000,7881.5000,0,7881.5,0,20260807,7918.0000,7929.0000,7915.7500,7926.2500,8,7923.125,8,20260810,7924.7500,7924.7500,7922.7500,7922.7500,2,7923.875,2,20260811,7893.0000,7893.0000,7888.0000,7892.0000,3,7890.75,3,20260812,7915.0000,7920.0000,7914.2500,7914.2500,3,7918.075,3,20260813,7977.2500,7977.2500,7953.2500,7965.0000,7,7963.325,7,20260814,7946.2500,7950.0000,7946.2500,7948.0000,3,7948.75,3,20260817,7935.0000,7935.0000,7911.2500,7911.2500,4,7933.5,3,20260818,7863.7500,7863.7500,7856.5000,7858.0000,6,7860.95,6,20260819,7886.0000,7886.0000,7870.0000,7871.0000,2,7878,2,20260820,7844.7500,7846.0000,7804.5000,7804.5000,5,7830.25,5,20260821,7841.0000,7841.0000,7832.7500,7832.7500,3,7836.325,3,20260824,7815.0000,7815.0000,7804.0000,7810.2500,4,7811,4,20260825,7835.0000,7835.0000,7818.5000,7833.5000,3,7824,2,20260826,7838.0000,7845.0000,7833.0000,7833.0000,2,7841.5,2,20260827,7874.7500,7888.0000,7874.7500,7886.2500,2,7881.375,2,20260828,7890.0000,7920.7500,7869.7500,7869.7500,3,7907.925,3,20260831,7833.7500,7845.2500,7833.7500,7845.2500,1,7833.75,1,20260901,7795.0000,7812.0000,7780.0000,7787.7500,6,7794.5,6,20260902,7805.0000,7822.7500,7805.0000,7820.5000,9,7820,8,20260903,7899.7500,7902.0000,7897.0000,7899.7500,4,7899.625,3,20260904,7889.7500,7889.7500,7860.0000,7867.0000,5,7867.95,5,20260908,7845.0000,7846.0000,7825.5000,7825.5000,4,7841.75,4,20260909,7805.0000,7805.0000,7787.0000,7787.5000,10,7795.875,7,20260910,7740.0000,7755.0000,7740.0000,7741.7500,14,7744.525,13,20260911,7788.0000,7788.0000,7788.0000,7788.0000,0,7788,0
Log attributes reset
{'component': 'parquetFuturesContractPriceData', 'instrument_code': 'SP500', 'contract_date': '20270300'} Wrote 253 lines of prices for SP500/20270300 at Frequency.Day to parquetFuturesContractPriceData
{'component': 'parquetFuturesContractPriceData'} Added 3 additional rows of data
Added 3 rows at frequency Frequency.Day for SP500/20270300
{'component': 'parquetFuturesContractPriceData', 'instrument_code': 'SP500', 'contract_date': '20270300'} Wrote 253 lines of prices for SP500/20270300 at Frequency.Mixed to parquetFuturesContractPriceData
{'component': 'parquetFuturesMultiplePricesData', 'instrument_code': 'SP500'} Wrote 102 lines of prices for SP500 to parquetFuturesMultiplePricesData
{'component': 'parquetFuturesMultiplePricesData', 'instrument_code': 'SP500'} Added data for instrument SP500
{'component': 'parquetFuturesAdjustedPricesData', 'instrument_code': 'SP500'} Wrote 102 lines of prices for SP500 to parquetFuturesAdjustedPrices
{'component': 'parquetFuturesAdjustedPricesData', 'instrument_code': 'SP500'} Added data for instrument SP500
{'type': 'SP500-maintenance-validation', 'broker': 'IB', 'clientid': 100} Terminating {'ipaddress': '127.0.0.1', 'port': 4002, 'client': 100}
Disconnecting from 127.0.0.1:4002, 680 B sent in 18 messages, 71.9 kB received in 417 messages, session time 8.29 s.
Disconnecting
{'component': 'mongoIbBrokerClientIdData'} Released IB client ID 100
