SP500 bounded validation failed
Traceback (most recent call last):
  File "D:\dev\pysystemtrade\.venv-py312\Lib\site-packages\pandas\core\indexes\base.py", line 3790, in get_loc
    return self._engine.get_loc(casted_key)
           ^^^^^^^^^^^^^^^^^^^^^^^^^^^^^^^^
  File "index.pyx", line 152, in pandas._libs.index.IndexEngine.get_loc
  File "index.pyx", line 181, in pandas._libs.index.IndexEngine.get_loc
  File "pandas\_libs\hashtable_class_helper.pxi", line 7080, in pandas._libs.hashtable.PyObjectHashTable.get_item
  File "pandas\_libs\hashtable_class_helper.pxi", line 7088, in pandas._libs.hashtable.PyObjectHashTable.get_item
KeyError: 'CARRY'

The above exception was the direct cause of the following exception:

Traceback (most recent call last):
  File "D:\dev\pysystemtrade\data\maintenance\sp500_20260909\run_validation.py", line 196, in main
    update_with_new_prices(data, 'SP500', new_adjusted, new_multiple)
  File "D:\dev\pysystemtrade\sysproduction\update_multiple_adjusted_prices.py", line 217, in update_with_new_prices
    update_prices.add_multiple_prices(
  File "D:\dev\pysystemtrade\sysproduction\data\prices.py", line 306, in add_multiple_prices
    self.db_futures_multiple_prices_data.add_multiple_prices(
  File "D:\dev\pysystemtrade\sysdata\futures\multiple_prices.py", line 100, in add_multiple_prices
    self._add_multiple_prices_without_checking_for_existing_entry(
  File "D:\dev\pysystemtrade\sysdata\parquet\parquet_multiple_prices.py", line 68, in _add_multiple_prices_without_checking_for_existing_entry
    multiple_price_data_aspd = _change_contracts_to_str(multiple_price_data_aspd)
                               ^^^^^^^^^^^^^^^^^^^^^^^^^^^^^^^^^^^^^^^^^^^^^^^^^^
  File "D:\dev\pysystemtrade\sysdata\parquet\parquet_multiple_prices.py", line 84, in _change_contracts_to_str
    multiple_price_data_aspd[price_column] = multiple_price_data_aspd[
                                             ^^^^^^^^^^^^^^^^^^^^^^^^^
  File "D:\dev\pysystemtrade\.venv-py312\Lib\site-packages\pandas\core\frame.py", line 3893, in __getitem__
    indexer = self.columns.get_loc(key)
              ^^^^^^^^^^^^^^^^^^^^^^^^^
  File "D:\dev\pysystemtrade\.venv-py312\Lib\site-packages\pandas\core\indexes\base.py", line 3797, in get_loc
    raise KeyError(key) from err
KeyError: 'CARRY'
{'component': 'mongoIbBrokerClientIdData'} Locked IB client ID 100
Using proactor: IocpProactor
Connecting to 127.0.0.1:4002 with clientId 100...
Connected
<<< 178,20260909 21:00:27 China Standard Time
>>> 71,2,100,
Logged on to server version 178
<<< 9,1,1
<<< 15,1,DUT077119
API connection ready
>>> 61,1
>>> 6,2,1,tradersenlos
>>> 76,1,1,DUT077119,,0
<<< 4,2,-1,2104,Market data farm connection is OK:hfarm,
Warning 2104, reqId -1: Market data farm connection is OK:hfarm
<<< 4,2,-1,2104,Market data farm connection is OK:usopt.nj,
Warning 2104, reqId -1: Market data farm connection is OK:usopt.nj
<<< 4,2,-1,2104,Market data farm connection is OK:usfarm,
Warning 2104, reqId -1: Market data farm connection is OK:usfarm
<<< 4,2,-1,2106,HMDS data farm connection is OK:apachmds,
Warning 2106, reqId -1: HMDS data farm connection is OK:apachmds
<<< 4,2,-1,2106,HMDS data farm connection is OK:ushmds,
Warning 2106, reqId -1: HMDS data farm connection is OK:ushmds
<<< 4,2,-1,2158,Sec-def data farm connection is OK:secdefhk,
Warning 2158, reqId -1: Sec-def data farm connection is OK:secdefhk
<<< 61,3,DUT077119,265598,AAPL,STK,,0.0,,,NASDAQ,USD,AAPL,NMS,1,328.95
position: Position(account='DUT077119', contract=Stock(conId=265598, symbol='AAPL', exchange='NASDAQ', currency='USD', localSymbol='AAPL', tradingClass='NMS'), position=1.0, avgCost=328.95)
<<< 61,3,DUT077119,320227571,QQQ,STK,,0.0,,,NASDAQ,USD,QQQ,NMS,100,711.850003
position: Position(account='DUT077119', contract=Stock(conId=320227571, symbol='QQQ', exchange='NASDAQ', currency='USD', localSymbol='QQQ', tradingClass='NMS'), position=100.0, avgCost=711.850003)
<<< 62,1
<<< 6,2,$LEDGER-AccountOrGroup,DUT077119,BASE,DUT077119
<<< 6,2,$LEDGER-AccountOrGroup,DUT077119,USD,DUT077119
<<< 6,2,$LEDGER-AccruedCash,491.71,BASE,DUT077119
<<< 6,2,$LEDGER-AccruedCash,491.71,USD,DUT077119
<<< 6,2,$LEDGER-CashBalance,928486.05,BASE,DUT077119
<<< 6,2,$LEDGER-CashBalance,928486.05,USD,DUT077119
<<< 6,2,$LEDGER-CorporateBondValue,0.00,BASE,DUT077119
<<< 6,2,$LEDGER-CorporateBondValue,0.00,USD,DUT077119
<<< 6,2,$LEDGER-Cryptocurrency,0.00,BASE,DUT077119
<<< 6,2,$LEDGER-Cryptocurrency,0.00,USD,DUT077119
<<< 6,2,$LEDGER-Currency,BASE,BASE,DUT077119
<<< 6,2,$LEDGER-Currency,USD,USD,DUT077119
<<< 6,2,$LEDGER-ExchangeRate,1.00,BASE,DUT077119
<<< 6,2,$LEDGER-ExchangeRate,1.00,USD,DUT077119
<<< 6,2,$LEDGER-FundValue,0.00,BASE,DUT077119
<<< 6,2,$LEDGER-FundValue,0.00,USD,DUT077119
<<< 6,2,$LEDGER-FutureOptionValue,0.00,BASE,DUT077119
<<< 6,2,$LEDGER-FutureOptionValue,0.00,USD,DUT077119
<<< 6,2,$LEDGER-FuturesPNL,0.00,BASE,DUT077119
<<< 6,2,$LEDGER-FuturesPNL,0.00,USD,DUT077119
<<< 6,2,$LEDGER-FxCashBalance,0.00,BASE,DUT077119
<<< 6,2,$LEDGER-FxCashBalance,0.00,USD,DUT077119
<<< 6,2,$LEDGER-IssuerOptionValue,0.00,BASE,DUT077119
<<< 6,2,$LEDGER-IssuerOptionValue,0.00,USD,DUT077119
<<< 6,2,$LEDGER-MoneyMarketFundValue,0.00,BASE,DUT077119
<<< 6,2,$LEDGER-MoneyMarketFundValue,0.00,USD,DUT077119
<<< 6,2,$LEDGER-MutualFundValue,0.00,BASE,DUT077119
<<< 6,2,$LEDGER-MutualFundValue,0.00,USD,DUT077119
<<< 6,2,$LEDGER-NetDividend,0.00,BASE,DUT077119
<<< 6,2,$LEDGER-NetDividend,0.00,USD,DUT077119
<<< 6,2,$LEDGER-NetLiquidationByCurrency,1000742.91,BASE,DUT077119
<<< 6,2,$LEDGER-NetLiquidationByCurrency,1000742.91,USD,DUT077119
<<< 6,2,$LEDGER-OptionMarketValue,0.00,BASE,DUT077119
<<< 6,2,$LEDGER-OptionMarketValue,0.00,USD,DUT077119
<<< 6,2,$LEDGER-RealCurrency,BASE,BASE,DUT077119
<<< 6,2,$LEDGER-RealCurrency,USD,USD,DUT077119
<<< 6,2,$LEDGER-RealizedPnL,0.00,BASE,DUT077119
<<< 6,2,$LEDGER-RealizedPnL,0.00,USD,DUT077119
<<< 6,2,$LEDGER-StockMarketValue,71765.15,BASE,DUT077119
<<< 6,2,$LEDGER-StockMarketValue,71765.15,USD,DUT077119
<<< 6,2,$LEDGER-TBillValue,0.00,BASE,DUT077119
<<< 6,2,$LEDGER-TBillValue,0.00,USD,DUT077119
<<< 6,2,$LEDGER-TBondValue,0.00,BASE,DUT077119
<<< 6,2,$LEDGER-TBondValue,0.00,USD,DUT077119
<<< 6,2,$LEDGER-TotalCashBalance,928486.05,BASE,DUT077119
<<< 6,2,$LEDGER-TotalCashBalance,928486.05,USD,DUT077119
<<< 6,2,$LEDGER-UnrealizedPnL,251.20,BASE,DUT077119
<<< 6,2,$LEDGER-UnrealizedPnL,251.20,USD,DUT077119
<<< 6,2,$LEDGER-WarrantValue,0.00,BASE,DUT077119
<<< 6,2,$LEDGER-WarrantValue,0.00,USD,DUT077119
<<< 6,2,AccountCode,DUT077119,,DUT077119
<<< 6,2,AccountReady,true,,DUT077119
<<< 6,2,AccountType,INDIVIDUAL,,DUT077119
<<< 6,2,AccruedCash,491.71,USD,DUT077119
<<< 6,2,AccruedCash-C,0.00,USD,DUT077119
<<< 6,2,AccruedCash-P,0.00,USD,DUT077119
<<< 6,2,AccruedCash-S,491.71,USD,DUT077119
<<< 6,2,AccruedDividend,0.00,USD,DUT077119
<<< 6,2,AccruedDividend-C,0.00,USD,DUT077119
<<< 6,2,AccruedDividend-P,0.00,USD,DUT077119
<<< 6,2,AccruedDividend-S,0.00,USD,DUT077119
<<< 6,2,AvailableFunds,982309.91,USD,DUT077119
<<< 6,2,AvailableFunds-C,0.00,USD,DUT077119
<<< 6,2,AvailableFunds-P,0.00,USD,DUT077119
<<< 6,2,AvailableFunds-S,982309.91,USD,DUT077119
<<< 6,2,Billable,0.00,USD,DUT077119
<<< 6,2,Billable-C,0.00,USD,DUT077119
<<< 6,2,Billable-P,0.00,USD,DUT077119
<<< 6,2,Billable-S,0.00,USD,DUT077119
<<< 6,2,BuyingPower,3929239.65,USD,DUT077119
<<< 6,2,ColumnPrio-C,2,,DUT077119
<<< 6,2,ColumnPrio-P,5,,DUT077119
<<< 6,2,ColumnPrio-S,1,,DUT077119
<<< 6,2,Cushion,1,,DUT077119
<<< 6,2,EquityWithLoanValue,1000251.20,USD,DUT077119
<<< 6,2,EquityWithLoanValue-C,0.00,USD,DUT077119
<<< 6,2,EquityWithLoanValue-P,0.00,USD,DUT077119
<<< 6,2,EquityWithLoanValue-S,1000251.20,USD,DUT077119
<<< 6,2,ExcessLiquidity,982309.91,USD,DUT077119
<<< 6,2,ExcessLiquidity-C,0.00,USD,DUT077119
<<< 6,2,ExcessLiquidity-P,0.00,USD,DUT077119
<<< 6,2,ExcessLiquidity-S,982309.91,USD,DUT077119
<<< 6,2,FullAvailableFunds,982309.91,USD,DUT077119
<<< 6,2,FullAvailableFunds-C,0.00,USD,DUT077119
<<< 6,2,FullAvailableFunds-P,0.00,USD,DUT077119
<<< 6,2,FullAvailableFunds-S,982309.91,USD,DUT077119
<<< 6,2,FullExcessLiquidity,982309.91,USD,DUT077119
<<< 6,2,FullExcessLiquidity-C,0.00,USD,DUT077119
<<< 6,2,FullExcessLiquidity-P,0.00,USD,DUT077119
<<< 6,2,FullExcessLiquidity-S,982309.91,USD,DUT077119
<<< 6,2,FullInitMarginReq,17941.29,USD,DUT077119
<<< 6,2,FullInitMarginReq-C,0.00,USD,DUT077119
<<< 6,2,FullInitMarginReq-P,0.00,USD,DUT077119
<<< 6,2,FullInitMarginReq-S,17941.29,USD,DUT077119
<<< 6,2,FullMaintMarginReq,17941.29,USD,DUT077119
<<< 6,2,FullMaintMarginReq-C,0.00,USD,DUT077119
<<< 6,2,FullMaintMarginReq-P,0.00,USD,DUT077119
<<< 6,2,FullMaintMarginReq-S,17941.29,USD,DUT077119
<<< 6,2,GrossPositionValue,71765.15,USD,DUT077119
<<< 6,2,GrossPositionValue-C,0.00,USD,DUT077119
<<< 6,2,GrossPositionValue-S,71765.15,USD,DUT077119
<<< 6,2,Guarantee,0.00,USD,DUT077119
<<< 6,2,Guarantee-C,0.00,USD,DUT077119
<<< 6,2,Guarantee-P,0.00,USD,DUT077119
<<< 6,2,Guarantee-S,0.00,USD,DUT077119
<<< 6,2,IncentiveCoupons,0.00,USD,DUT077119
<<< 6,2,IncentiveCoupons-C,0.00,USD,DUT077119
<<< 6,2,IncentiveCoupons-P,0.00,USD,DUT077119
<<< 6,2,IncentiveCoupons-S,0.00,USD,DUT077119
<<< 6,2,IndianStockHaircut,0.00,USD,DUT077119
<<< 6,2,IndianStockHaircut-C,0.00,USD,DUT077119
<<< 6,2,IndianStockHaircut-P,0.00,USD,DUT077119
<<< 6,2,IndianStockHaircut-S,0.00,USD,DUT077119
<<< 6,2,InitMarginReq,17941.29,USD,DUT077119
<<< 6,2,InitMarginReq-C,0.00,USD,DUT077119
<<< 6,2,InitMarginReq-P,0.00,USD,DUT077119
<<< 6,2,InitMarginReq-S,17941.29,USD,DUT077119
<<< 6,2,Leverage-C,0.00,,DUT077119
<<< 6,2,Leverage-S,0.07,,DUT077119
<<< 6,2,LookAheadAvailableFunds,982309.91,USD,DUT077119
<<< 6,2,LookAheadAvailableFunds-C,0.00,USD,DUT077119
<<< 6,2,LookAheadAvailableFunds-P,0.00,USD,DUT077119
<<< 6,2,LookAheadAvailableFunds-S,982309.91,USD,DUT077119
<<< 6,2,LookAheadExcessLiquidity,982309.91,USD,DUT077119
<<< 6,2,LookAheadExcessLiquidity-C,0.00,USD,DUT077119
<<< 6,2,LookAheadExcessLiquidity-P,0.00,USD,DUT077119
<<< 6,2,LookAheadExcessLiquidity-S,982309.91,USD,DUT077119
<<< 6,2,LookAheadInitMarginReq,17941.29,USD,DUT077119
<<< 6,2,LookAheadInitMarginReq-C,0.00,USD,DUT077119
<<< 6,2,LookAheadInitMarginReq-P,0.00,USD,DUT077119
<<< 6,2,LookAheadInitMarginReq-S,17941.29,USD,DUT077119
<<< 6,2,LookAheadMaintMarginReq,17941.29,USD,DUT077119
<<< 6,2,LookAheadMaintMarginReq-C,0.00,USD,DUT077119
<<< 6,2,LookAheadMaintMarginReq-P,0.00,USD,DUT077119
<<< 6,2,LookAheadMaintMarginReq-S,17941.29,USD,DUT077119
<<< 6,2,LookAheadNextChange,1788960600,,DUT077119
<<< 6,2,MaintMarginReq,17941.29,USD,DUT077119
<<< 6,2,MaintMarginReq-C,0.00,USD,DUT077119
<<< 6,2,MaintMarginReq-P,0.00,USD,DUT077119
<<< 6,2,MaintMarginReq-S,17941.29,USD,DUT077119
<<< 6,2,NLVAndMarginInReview,false,,DUT077119
<<< 6,2,NetLiquidation,1000742.91,USD,DUT077119
<<< 6,2,NetLiquidation-C,0.00,USD,DUT077119
<<< 6,2,NetLiquidation-P,0.00,USD,DUT077119
<<< 6,2,NetLiquidation-S,1000742.91,USD,DUT077119
<<< 6,2,NetLiquidationUncertainty,0.00,USD,DUT077119
<<< 6,2,PASharesValue,0.00,USD,DUT077119
<<< 6,2,PASharesValue-C,0.00,USD,DUT077119
<<< 6,2,PASharesValue-P,0.00,USD,DUT077119
<<< 6,2,PASharesValue-S,0.00,USD,DUT077119
<<< 6,2,PhysicalCertificateValue,0.00,USD,DUT077119
<<< 6,2,PhysicalCertificateValue-C,0.00,USD,DUT077119
<<< 6,2,PhysicalCertificateValue-P,0.00,USD,DUT077119
<<< 6,2,PhysicalCertificateValue-S,0.00,USD,DUT077119
<<< 6,2,PostExpirationExcess,0.00,USD,DUT077119
<<< 6,2,PostExpirationExcess-C,0.00,USD,DUT077119
<<< 6,2,PostExpirationExcess-P,0.00,USD,DUT077119
<<< 6,2,PostExpirationExcess-S,0.00,USD,DUT077119
<<< 6,2,PostExpirationMargin,0.00,USD,DUT077119
<<< 6,2,PostExpirationMargin-C,0.00,USD,DUT077119
<<< 6,2,PostExpirationMargin-P,0.00,USD,DUT077119
<<< 6,2,PostExpirationMargin-S,0.00,USD,DUT077119
<<< 6,2,RegTEquity,1000742.91,USD,DUT077119
<<< 6,2,RegTEquity-S,1000742.91,USD,DUT077119
<<< 6,2,RegTMargin,35882.57,USD,DUT077119
<<< 6,2,RegTMargin-S,35882.57,USD,DUT077119
<<< 6,2,SMA,964860.33,USD,DUT077119
<<< 6,2,SMA-S,964860.33,USD,DUT077119
<<< 6,2,SegmentTitle-C,US Commodities,,DUT077119
<<< 6,2,SegmentTitle-P,Crypto at Paxos,,DUT077119
<<< 6,2,SegmentTitle-S,US Securities,,DUT077119
<<< 6,2,SettledCashByDate,20260909:928486.05,BASE,DUT077119
<<< 6,2,SettledCashByDate,20260909:928486.05,USD,DUT077119
<<< 6,2,SettledCashByDate-C,20260909:0,BASE,DUT077119
<<< 6,2,SettledCashByDate-C,20260909:0,USD,DUT077119
<<< 6,2,SettledCashByDate-P,20260909:0,BASE,DUT077119
<<< 6,2,SettledCashByDate-P,20260909:0,USD,DUT077119
<<< 6,2,SettledCashByDate-S,20260909:928486.05,BASE,DUT077119
<<< 6,2,SettledCashByDate-S,20260909:928486.05,USD,DUT077119
<<< 6,2,TotalCashValue,928486.05,USD,DUT077119
<<< 6,2,TotalCashValue-C,0.00,USD,DUT077119
<<< 6,2,TotalCashValue-P,0.00,USD,DUT077119
<<< 6,2,TotalCashValue-S,928486.05,USD,DUT077119
<<< 6,2,TotalDebitCardPendingCharges,0.00,USD,DUT077119
<<< 6,2,TotalDebitCardPendingCharges-C,0.00,USD,DUT077119
<<< 6,2,TotalDebitCardPendingCharges-P,0.00,USD,DUT077119
<<< 6,2,TotalDebitCardPendingCharges-S,0.00,USD,DUT077119
<<< 6,2,TradingType-S,STKNOPT,,DUT077119
<<< 6,2,WhatIfPMEnabled,true,,DUT077119
<<< 7,8,265598,AAPL,STK,,0,0,,NASDAQ,USD,AAPL,NMS,1,315.1499939,315.15,328.95,-13.8,0.0,DUT077119
updatePortfolio: PortfolioItem(contract=Stock(conId=265598, symbol='AAPL', right='0', primaryExchange='NASDAQ', currency='USD', localSymbol='AAPL', tradingClass='NMS'), position=1.0, marketPrice=315.1499939, marketValue=315.15, averageCost=328.95, unrealizedPNL=-13.8, realizedPNL=0.0, account='DUT077119')
<<< 8,1,20:58
<<< 7,8,320227571,QQQ,STK,,0,0,,NASDAQ,USD,QQQ,NMS,100,714.5,71450.0,711.850003,265.0,0.0,DUT077119
updatePortfolio: PortfolioItem(contract=Stock(conId=320227571, symbol='QQQ', right='0', primaryExchange='NASDAQ', currency='USD', localSymbol='QQQ', tradingClass='NMS'), position=100.0, marketPrice=714.5, marketValue=71450.0, averageCost=711.850003, unrealizedPNL=265.0, realizedPNL=0.0, account='DUT077119')
<<< 8,1,20:58
<<< 8,1,20:58
<<< 54,1,DUT077119
<<< 73,1,1,DUT077119,,AccountCode,DUT077119,
<<< 73,1,1,DUT077119,,AccountReady,true,
<<< 73,1,1,DUT077119,,AccountType,INDIVIDUAL,
<<< 73,1,1,DUT077119,,AccruedCash,491.71,USD
<<< 73,1,1,DUT077119,,AccruedCash-C,0.00,USD
<<< 73,1,1,DUT077119,,AccruedCash-P,0.00,USD
<<< 73,1,1,DUT077119,,AccruedCash-S,491.71,USD
<<< 73,1,1,DUT077119,,AccruedDividend,0.00,USD
<<< 73,1,1,DUT077119,,AccruedDividend-C,0.00,USD
<<< 73,1,1,DUT077119,,AccruedDividend-P,0.00,USD
<<< 73,1,1,DUT077119,,AccruedDividend-S,0.00,USD
<<< 73,1,1,DUT077119,,AvailableFunds,982309.91,USD
<<< 73,1,1,DUT077119,,AvailableFunds-C,0.00,USD
<<< 73,1,1,DUT077119,,AvailableFunds-P,0.00,USD
<<< 73,1,1,DUT077119,,AvailableFunds-S,982309.91,USD
<<< 73,1,1,DUT077119,,Billable,0.00,USD
<<< 73,1,1,DUT077119,,Billable-C,0.00,USD
<<< 73,1,1,DUT077119,,Billable-P,0.00,USD
<<< 73,1,1,DUT077119,,Billable-S,0.00,USD
<<< 73,1,1,DUT077119,,BuyingPower,3929239.65,USD
<<< 73,1,1,DUT077119,,ColumnPrio-C,2,
<<< 73,1,1,DUT077119,,ColumnPrio-P,5,
<<< 73,1,1,DUT077119,,ColumnPrio-S,1,
<<< 73,1,1,DUT077119,,Cushion,1,
<<< 73,1,1,DUT077119,,EquityWithLoanValue,1000251.20,USD
<<< 73,1,1,DUT077119,,EquityWithLoanValue-C,0.00,USD
<<< 73,1,1,DUT077119,,EquityWithLoanValue-P,0.00,USD
<<< 73,1,1,DUT077119,,EquityWithLoanValue-S,1000251.20,USD
<<< 73,1,1,DUT077119,,ExcessLiquidity,982309.91,USD
<<< 73,1,1,DUT077119,,ExcessLiquidity-C,0.00,USD
<<< 73,1,1,DUT077119,,ExcessLiquidity-P,0.00,USD
<<< 73,1,1,DUT077119,,ExcessLiquidity-S,982309.91,USD
<<< 73,1,1,DUT077119,,FullAvailableFunds,982309.91,USD
<<< 73,1,1,DUT077119,,FullAvailableFunds-C,0.00,USD
<<< 73,1,1,DUT077119,,FullAvailableFunds-P,0.00,USD
<<< 73,1,1,DUT077119,,FullAvailableFunds-S,982309.91,USD
<<< 73,1,1,DUT077119,,FullExcessLiquidity,982309.91,USD
<<< 73,1,1,DUT077119,,FullExcessLiquidity-C,0.00,USD
<<< 73,1,1,DUT077119,,FullExcessLiquidity-P,0.00,USD
<<< 73,1,1,DUT077119,,FullExcessLiquidity-S,982309.91,USD
<<< 73,1,1,DUT077119,,FullInitMarginReq,17941.29,USD
<<< 73,1,1,DUT077119,,FullInitMarginReq-C,0.00,USD
<<< 73,1,1,DUT077119,,FullInitMarginReq-P,0.00,USD
<<< 73,1,1,DUT077119,,FullInitMarginReq-S,17941.29,USD
<<< 73,1,1,DUT077119,,FullMaintMarginReq,17941.29,USD
<<< 73,1,1,DUT077119,,FullMaintMarginReq-C,0.00,USD
<<< 73,1,1,DUT077119,,FullMaintMarginReq-P,0.00,USD
<<< 73,1,1,DUT077119,,FullMaintMarginReq-S,17941.29,USD
<<< 73,1,1,DUT077119,,GrossPositionValue,71765.15,USD
<<< 73,1,1,DUT077119,,GrossPositionValue-C,0.00,USD
<<< 73,1,1,DUT077119,,GrossPositionValue-S,71765.15,USD
<<< 73,1,1,DUT077119,,Guarantee,0.00,USD
<<< 73,1,1,DUT077119,,Guarantee-C,0.00,USD
<<< 73,1,1,DUT077119,,Guarantee-P,0.00,USD
<<< 73,1,1,DUT077119,,Guarantee-S,0.00,USD
<<< 73,1,1,DUT077119,,IncentiveCoupons,0.00,USD
<<< 73,1,1,DUT077119,,IncentiveCoupons-C,0.00,USD
<<< 73,1,1,DUT077119,,IncentiveCoupons-P,0.00,USD
<<< 73,1,1,DUT077119,,IncentiveCoupons-S,0.00,USD
<<< 73,1,1,DUT077119,,IndianStockHaircut,0.00,USD
<<< 73,1,1,DUT077119,,IndianStockHaircut-C,0.00,USD
<<< 73,1,1,DUT077119,,IndianStockHaircut-P,0.00,USD
<<< 73,1,1,DUT077119,,IndianStockHaircut-S,0.00,USD
<<< 73,1,1,DUT077119,,InitMarginReq,17941.29,USD
<<< 73,1,1,DUT077119,,InitMarginReq-C,0.00,USD
<<< 73,1,1,DUT077119,,InitMarginReq-P,0.00,USD
<<< 73,1,1,DUT077119,,InitMarginReq-S,17941.29,USD
<<< 73,1,1,DUT077119,,Leverage-C,0.00,
<<< 73,1,1,DUT077119,,Leverage-S,0.07,
<<< 73,1,1,DUT077119,,LookAheadAvailableFunds,982309.91,USD
<<< 73,1,1,DUT077119,,LookAheadAvailableFunds-C,0.00,USD
<<< 73,1,1,DUT077119,,LookAheadAvailableFunds-P,0.00,USD
<<< 73,1,1,DUT077119,,LookAheadAvailableFunds-S,982309.91,USD
<<< 73,1,1,DUT077119,,LookAheadExcessLiquidity,982309.91,USD
<<< 73,1,1,DUT077119,,LookAheadExcessLiquidity-C,0.00,USD
<<< 73,1,1,DUT077119,,LookAheadExcessLiquidity-P,0.00,USD
<<< 73,1,1,DUT077119,,LookAheadExcessLiquidity-S,982309.91,USD
<<< 73,1,1,DUT077119,,LookAheadInitMarginReq,17941.29,USD
<<< 73,1,1,DUT077119,,LookAheadInitMarginReq-C,0.00,USD
<<< 73,1,1,DUT077119,,LookAheadInitMarginReq-P,0.00,USD
<<< 73,1,1,DUT077119,,LookAheadInitMarginReq-S,17941.29,USD
<<< 73,1,1,DUT077119,,LookAheadMaintMarginReq,17941.29,USD
<<< 73,1,1,DUT077119,,LookAheadMaintMarginReq-C,0.00,USD
<<< 73,1,1,DUT077119,,LookAheadMaintMarginReq-P,0.00,USD
<<< 73,1,1,DUT077119,,LookAheadMaintMarginReq-S,17941.29,USD
<<< 73,1,1,DUT077119,,LookAheadNextChange,1788960600,
<<< 73,1,1,DUT077119,,MaintMarginReq,17941.29,USD
<<< 73,1,1,DUT077119,,MaintMarginReq-C,0.00,USD
<<< 73,1,1,DUT077119,,MaintMarginReq-P,0.00,USD
<<< 73,1,1,DUT077119,,MaintMarginReq-S,17941.29,USD
<<< 73,1,1,DUT077119,,NLVAndMarginInReview,false,
<<< 73,1,1,DUT077119,,NetLiquidation,1000742.91,USD
<<< 73,1,1,DUT077119,,NetLiquidation-C,0.00,USD
<<< 73,1,1,DUT077119,,NetLiquidation-P,0.00,USD
<<< 73,1,1,DUT077119,,NetLiquidation-S,1000742.91,USD
<<< 73,1,1,DUT077119,,NetLiquidationUncertainty,0.00,USD
<<< 73,1,1,DUT077119,,PASharesValue,0.00,USD
<<< 73,1,1,DUT077119,,PASharesValue-C,0.00,USD
<<< 73,1,1,DUT077119,,PASharesValue-P,0.00,USD
<<< 73,1,1,DUT077119,,PASharesValue-S,0.00,USD
<<< 73,1,1,DUT077119,,PhysicalCertificateValue,0.00,USD
<<< 73,1,1,DUT077119,,PhysicalCertificateValue-C,0.00,USD
<<< 73,1,1,DUT077119,,PhysicalCertificateValue-P,0.00,USD
<<< 73,1,1,DUT077119,,PhysicalCertificateValue-S,0.00,USD
<<< 73,1,1,DUT077119,,PostExpirationExcess,0.00,USD
<<< 73,1,1,DUT077119,,PostExpirationExcess-C,0.00,USD
<<< 73,1,1,DUT077119,,PostExpirationExcess-P,0.00,USD
<<< 73,1,1,DUT077119,,PostExpirationExcess-S,0.00,USD
<<< 73,1,1,DUT077119,,PostExpirationMargin,0.00,USD
<<< 73,1,1,DUT077119,,PostExpirationMargin-C,0.00,USD
<<< 73,1,1,DUT077119,,PostExpirationMargin-P,0.00,USD
<<< 73,1,1,DUT077119,,PostExpirationMargin-S,0.00,USD
<<< 73,1,1,DUT077119,,RegTEquity,1000742.91,USD
<<< 73,1,1,DUT077119,,RegTEquity-S,1000742.91,USD
<<< 73,1,1,DUT077119,,RegTMargin,35882.57,USD
<<< 73,1,1,DUT077119,,RegTMargin-S,35882.57,USD
<<< 73,1,1,DUT077119,,SMA,964860.33,USD
<<< 73,1,1,DUT077119,,SMA-S,964860.33,USD
<<< 73,1,1,DUT077119,,SegmentTitle-C,US Commodities,
<<< 73,1,1,DUT077119,,SegmentTitle-P,Crypto at Paxos,
<<< 73,1,1,DUT077119,,SegmentTitle-S,US Securities,
<<< 73,1,1,DUT077119,,SettledCashByDate,20260909:928486.05,BASE
<<< 73,1,1,DUT077119,,SettledCashByDate,20260909:928486.05,USD
<<< 73,1,1,DUT077119,,SettledCashByDate-C,20260909:0,BASE
<<< 73,1,1,DUT077119,,SettledCashByDate-C,20260909:0,USD
<<< 73,1,1,DUT077119,,SettledCashByDate-P,20260909:0,BASE
<<< 73,1,1,DUT077119,,SettledCashByDate-P,20260909:0,USD
<<< 73,1,1,DUT077119,,SettledCashByDate-S,20260909:928486.05,BASE
<<< 73,1,1,DUT077119,,SettledCashByDate-S,20260909:928486.05,USD
<<< 73,1,1,DUT077119,,TotalCashValue,928486.05,USD
<<< 73,1,1,DUT077119,,TotalCashValue-C,0.00,USD
<<< 73,1,1,DUT077119,,TotalCashValue-P,0.00,USD
<<< 73,1,1,DUT077119,,TotalCashValue-S,928486.05,USD
<<< 73,1,1,DUT077119,,TotalDebitCardPendingCharges,0.00,USD
<<< 73,1,1,DUT077119,,TotalDebitCardPendingCharges-C,0.00,USD
<<< 73,1,1,DUT077119,,TotalDebitCardPendingCharges-P,0.00,USD
<<< 73,1,1,DUT077119,,TotalDebitCardPendingCharges-S,0.00,USD
<<< 73,1,1,DUT077119,,TradingType-S,STKNOPT,
<<< 73,1,1,DUT077119,,WhatIfPMEnabled,true,
<<< 73,1,1,DUT077119,,$LEDGER-Currency,USD,USD
<<< 73,1,1,DUT077119,,$LEDGER-CashBalance,928486.05,USD
<<< 73,1,1,DUT077119,,$LEDGER-TotalCashBalance,928486.05,USD
<<< 73,1,1,DUT077119,,$LEDGER-AccruedCash,491.71,USD
<<< 73,1,1,DUT077119,,$LEDGER-StockMarketValue,71765.15,USD
<<< 73,1,1,DUT077119,,$LEDGER-OptionMarketValue,0.00,USD
<<< 73,1,1,DUT077119,,$LEDGER-FutureOptionValue,0.00,USD
<<< 73,1,1,DUT077119,,$LEDGER-FuturesPNL,0.00,USD
<<< 73,1,1,DUT077119,,$LEDGER-NetLiquidationByCurrency,1000742.91,USD
<<< 73,1,1,DUT077119,,$LEDGER-UnrealizedPnL,251.20,USD
<<< 73,1,1,DUT077119,,$LEDGER-RealizedPnL,0.00,USD
<<< 73,1,1,DUT077119,,$LEDGER-ExchangeRate,1.00,USD
<<< 73,1,1,DUT077119,,$LEDGER-FundValue,0.00,USD
<<< 73,1,1,DUT077119,,$LEDGER-NetDividend,0.00,USD
<<< 73,1,1,DUT077119,,$LEDGER-MutualFundValue,0.00,USD
<<< 73,1,1,DUT077119,,$LEDGER-MoneyMarketFundValue,0.00,USD
<<< 73,1,1,DUT077119,,$LEDGER-CorporateBondValue,0.00,USD
<<< 73,1,1,DUT077119,,$LEDGER-TBondValue,0.00,USD
<<< 73,1,1,DUT077119,,$LEDGER-TBillValue,0.00,USD
<<< 73,1,1,DUT077119,,$LEDGER-WarrantValue,0.00,USD
<<< 73,1,1,DUT077119,,$LEDGER-FxCashBalance,0.00,USD
<<< 73,1,1,DUT077119,,$LEDGER-AccountOrGroup,DUT077119,USD
<<< 73,1,1,DUT077119,,$LEDGER-RealCurrency,USD,USD
<<< 73,1,1,DUT077119,,$LEDGER-IssuerOptionValue,0.00,USD
<<< 73,1,1,DUT077119,,$LEDGER-InsuredDeposit,,USD
<<< 73,1,1,DUT077119,,$LEDGER-Cryptocurrency,0.00,USD
<<< 73,1,1,DUT077119,,$LEDGER-Currency,BASE,BASE
<<< 73,1,1,DUT077119,,$LEDGER-CashBalance,928486.05,BASE
<<< 73,1,1,DUT077119,,$LEDGER-TotalCashBalance,928486.05,BASE
<<< 73,1,1,DUT077119,,$LEDGER-AccruedCash,491.71,BASE
<<< 73,1,1,DUT077119,,$LEDGER-StockMarketValue,71765.15,BASE
<<< 73,1,1,DUT077119,,$LEDGER-OptionMarketValue,0.00,BASE
<<< 73,1,1,DUT077119,,$LEDGER-FutureOptionValue,0.00,BASE
<<< 73,1,1,DUT077119,,$LEDGER-FuturesPNL,0.00,BASE
<<< 73,1,1,DUT077119,,$LEDGER-NetLiquidationByCurrency,1000742.91,BASE
<<< 73,1,1,DUT077119,,$LEDGER-UnrealizedPnL,251.20,BASE
<<< 73,1,1,DUT077119,,$LEDGER-RealizedPnL,0.00,BASE
<<< 73,1,1,DUT077119,,$LEDGER-ExchangeRate,1.00,BASE
<<< 73,1,1,DUT077119,,$LEDGER-FundValue,0.00,BASE
<<< 73,1,1,DUT077119,,$LEDGER-NetDividend,0.00,BASE
<<< 73,1,1,DUT077119,,$LEDGER-MutualFundValue,0.00,BASE
<<< 73,1,1,DUT077119,,$LEDGER-MoneyMarketFundValue,0.00,BASE
<<< 73,1,1,DUT077119,,$LEDGER-CorporateBondValue,0.00,BASE
<<< 73,1,1,DUT077119,,$LEDGER-TBondValue,0.00,BASE
<<< 73,1,1,DUT077119,,$LEDGER-TBillValue,0.00,BASE
<<< 73,1,1,DUT077119,,$LEDGER-WarrantValue,0.00,BASE
<<< 73,1,1,DUT077119,,$LEDGER-FxCashBalance,0.00,BASE
<<< 73,1,1,DUT077119,,$LEDGER-AccountOrGroup,DUT077119,BASE
<<< 73,1,1,DUT077119,,$LEDGER-RealCurrency,USD,BASE
<<< 73,1,1,DUT077119,,$LEDGER-IssuerOptionValue,0.00,BASE
<<< 73,1,1,DUT077119,,$LEDGER-InsuredDeposit,,BASE
<<< 73,1,1,DUT077119,,$LEDGER-Cryptocurrency,0.00,BASE
<<< 74,1,1
>>> 7,3,2,0,,,,,,
<<< 55,1,2
Synchronization complete
{'type': 'SP500-maintenance-validation', 'broker': 'IB', 'clientid': 100} Terminating {'ipaddress': '127.0.0.1', 'port': 4002, 'client': 100}
Disconnecting from 127.0.0.1:4002, 105 B sent in 6 messages, 20.1 kB received in 400 messages, session time 5.23 s.
Disconnecting
{'component': 'mongoIbBrokerClientIdData'} Released IB client ID 100
{'component': 'parquetFuturesMultiplePricesData', 'instrument_code': 'SP500'} Wrote 99 lines of prices for SP500 to parquetFuturesMultiplePricesData
{'component': 'parquetFuturesMultiplePricesData', 'instrument_code': 'SP500'} Added data for instrument SP500
{'component': 'parquetFuturesAdjustedPricesData', 'instrument_code': 'SP500'} Wrote 99 lines of prices for SP500 to parquetFuturesAdjustedPrices
{'component': 'parquetFuturesAdjustedPricesData', 'instrument_code': 'SP500'} Added data for instrument SP500
